{"tool":"phpunit","result":"failed","tests":66,"passed":30,"assertions":109,"duration_ms":10447,"failed":32,"failures":[{"test":"Tests\\Unit\\OpenLibraryServiceTest::test_successfully_parses_valid_response","file":"C:\\laragon\\www\\Projeto_Biblioteca_Digital\\tests\\Unit\\OpenLibraryServiceTest.php","line":48,"message":"Failed asserting that 0 matches expected 2."},{"test":"Tests\\Unit\\OpenLibraryServiceTest::test_paginates_results_correctly","file":"C:\\laragon\\www\\Projeto_Biblioteca_Digital\\tests\\Unit\\OpenLibraryServiceTest.php","line":123,"message":"Failed asserting that 0 matches expected 9."},{"test":"Tests\\Unit\\OpenLibraryServiceTest::test_filters_out_books_without_title","file":"C:\\laragon\\www\\Projeto_Biblioteca_Digital\\tests\\Unit\\OpenLibraryServiceTest.php","line":166,"message":"Failed asserting that actual size 0 matches expected size 1."},{"test":"Tests\\Feature\\Auth\\EmailVerificationTest::test_email_verification_screen_can_be_rendered","file":"C:\\laragon\\www\\Projeto_Biblioteca_Digital\\tests\\Feature\\Auth\\EmailVerificationTest.php","line":16,"message":"Expected response status code [200] but received 404.\nFailed asserting that 404 is identical to 200."},{"test":"Tests\\Feature\\Auth\\PasswordConfirmationTest::test_confirm_password_screen_can_be_rendered","file":"C:\\laragon\\www\\Projeto_Biblioteca_Digital\\tests\\Feature\\Auth\\PasswordConfirmationTest.php","line":13,"message":"Expected response status code [200] but received 404.\nFailed asserting that 404 is identical to 200."},{"test":"Tests\\Feature\\Auth\\PasswordConfirmationTest::test_password_can_be_confirmed","file":"C:\\laragon\\www\\Projeto_Biblioteca_Digital\\tests\\Feature\\Auth\\PasswordConfirmationTest.php","line":22,"message":"Expected response status code [201, 301, 302, 303, 307, 308] but received 404.\nFailed asserting that false is true."},{"test":"Tests\\Feature\\Auth\\PasswordConfirmationTest::test_password_is_not_confirmed_with_invalid_password","file":"C:\\laragon\\www\\Projeto_Biblioteca_Digital\\tests\\Feature\\Auth\\PasswordConfirmationTest.php","line":34,"message":"Session is missing expected key [errors].\nFailed asserting that false is true."},{"test":"Tests\\Feature\\Auth\\PasswordResetTest::test_reset_password_link_screen_can_be_rendered","file":"C:\\laragon\\www\\Projeto_Biblioteca_Digital\\tests\\Feature\\Auth\\PasswordResetTest.php","line":15,"message":"Expected response status code [200] but received 404.\nFailed asserting that 404 is identical to 200."},{"test":"Tests\\Feature\\Auth\\PasswordResetTest::test_reset_password_link_can_be_requested","file":"C:\\laragon\\www\\Projeto_Biblioteca_Digital\\tests\\Feature\\Auth\\PasswordResetTest.php","line":22,"message":"The expected [Illuminate\\Auth\\Notifications\\ResetPassword] notification was not sent.\nFailed asserting that false is true."},{"test":"Tests\\Feature\\Auth\\PasswordResetTest::test_reset_password_screen_can_be_rendered","file":"C:\\laragon\\www\\Projeto_Biblioteca_Digital\\tests\\Feature\\Auth\\PasswordResetTest.php","line":33,"message":"The expected [Illuminate\\Auth\\Notifications\\ResetPassword] notification was not sent.\nFailed asserting that false is true."},{"test":"Tests\\Feature\\Auth\\PasswordResetTest::test_password_can_be_reset_with_valid_token","file":"C:\\laragon\\www\\Projeto_Biblioteca_Digital\\tests\\Feature\\Auth\\PasswordResetTest.php","line":50,"message":"The expected [Illuminate\\Auth\\Notifications\\ResetPassword] notification was not sent.\nFailed asserting that false is true."},{"test":"Tests\\Feature\\Auth\\PasswordUpdateTest::test_password_can_be_updated","file":"C:\\laragon\\www\\Projeto_Biblioteca_Digital\\tests\\Feature\\Auth\\PasswordUpdateTest.php","line":14,"message":"Expected response status code [201, 301, 302, 303, 307, 308] but received 404.\nFailed asserting that false is true."},{"test":"Tests\\Feature\\Auth\\PasswordUpdateTest::test_correct_password_must_be_provided_to_update_password","file":"C:\\laragon\\www\\Projeto_Biblioteca_Digital\\tests\\Feature\\Auth\\PasswordUpdateTest.php","line":34,"message":"Session is missing expected key [errors].\nFailed asserting that false is true."},{"test":"Tests\\Feature\\BibliotecaTest::test_guests_are_redirected_from_protected_routes","file":"C:\\laragon\\www\\Projeto_Biblioteca_Digital\\tests\\Feature\\BibliotecaTest.php","line":18,"message":"Expected response status code [201, 301, 302, 303, 307, 308] but received 500.\nFailed asserting that false is true.\r\n\r\nThe following exception occurred during the last request:\n\nParseError: syntax error, unexpected token \"{\", expecting \")\" in C:\\laragon\\www\\Projeto_Biblioteca_Digital\\app\\Http\\Controllers\\FavoriteBookController.php:88\nStack trace:\n#0 C:\\laragon\\www\\Projeto_Biblioteca_Digital\\vendor\\composer\\ClassLoader.php(427): {closure:Composer\\Autoload\\ClassLoader::initializeIncludeClosure():575}('C:\\\\laragon\\\\www\\\\..')\n#1 [internal function]: Composer\\Autoload\\ClassLoader->loadClass('App\\\\Http\\\\Contro..')\n#2 C:\\laragon\\www\\Projeto_Biblioteca_Digital\\vendor\\laravel\\framework\\src\\Illuminate\\Routing\\Route.php(1187): ReflectionClass->__construct('App\\\\Http\\\\Contro..')\n#3 C:\\laragon\\www\\Projeto_Biblioteca_Digital\\vendor\\laravel\\framework\\src\\Illuminate\\Routing\\Route.php(1137): Illuminate\\Routing\\Route->attributeProvidedControllerMiddleware('App\\\\Http\\\\Contro..', 'index')\n#4 C:\\laragon\\www\\Projeto_Biblioteca_Digital\\vendor\\laravel\\framework\\src\\Illuminate\\Routing\\Route.php(1074): Illuminate\\Routing\\Route->controllerMiddleware()\n#5 C:\\laragon\\www\\Projeto_Biblioteca_Digital\\vendor\\laravel\\framework\\src\\Illuminate\\Routing\\Router.php(834): Illuminate\\Routing\\Route->gatherMiddleware()\n#6 C:\\laragon\\www\\Projeto_Biblioteca_Digital\\vendor\\laravel\\framework\\src\\Illuminate\\Routing\\Router.php(816): Illuminate\\Routing\\Router->gatherRouteMiddleware(Object(Illuminate\\Routing\\Route))\n#7 C:\\laragon\\www\\Projeto_Biblioteca_Digital\\vendor\\laravel\\framework\\src\\Illuminate\\Routing\\Router.php(800): Illuminate\\Routing\\Router->runRouteWithinStack(Object(Illuminate\\Routing\\Route), Object(Illuminate\\Http\\Request))\n#8 C:\\laragon\\www\\Projeto_Biblioteca_Digital\\vendor\\laravel\\framework\\src\\Illuminate\\Routing\\Router.php(764): Illuminate\\Routing\\Router->runRoute(Object(Illuminate\\Http\\Request), Object(Illuminate\\Routing\\Route))\n#9 C:\\laragon\\www\\Projeto_Biblioteca_Digital\\vendor\\laravel\\framework\\src\\Illuminate\\Routing\\Router.php(753): Illuminate\\Routing\\Router->dispatchToRoute(Object(Illuminate\\Http\\Request))\n#10 C:\\laragon\\www\\Projeto_Biblioteca_Digital\\vendor\\laravel\\framework\\src\\Illuminate\\Foundation\\Http\\Kernel.php(200): Illuminate\\Routing\\Router->dispatch(Object(Illuminate\\Http\\Request))\n#11 C:\\laragon\\www\\Projeto_Biblioteca_Digital\\vendor\\laravel\\framework\\src\\Illuminate\\Pipeline\\Pipeline.php(180): Illuminate\\Foundation\\Http\\Kernel->{closure:Illuminate\\Foundation\\Http\\Kernel::dispatchToRouter():197}(Object(Illuminate\\Http\\Request))\n#12 C:\\laragon\\www\\Projeto_Biblioteca_Digital\\vendor\\laravel\\framework\\src\\Illuminate\\Foundation\\Http\\Middleware\\TransformsRequest.php(21): Illuminate\\Pipeline\\Pipeline->{closure:Illuminate\\Pipeline\\Pipeline::prepareDestination():178}(Object(Illuminate\\Http\\Request))\n#13 C:\\laragon\\www\\Projeto_Biblioteca_Digital\\vendor\\laravel\\framework\\src\\Illuminate\\Foundation\\Http\\Middleware\\ConvertEmptyStringsToNull.php(31): Illuminate\\Foundation\\Http\\Middleware\\TransformsRequest->handle(Object(Illuminate\\Http\\Request), Object(Closure))\n#14 C:\\laragon\\www\\Projeto_Biblioteca_Digital\\vendor\\laravel\\framework\\src\\Illuminate\\Pipeline\\Pipeline.php(219): Illuminate\\Foundation\\Http\\Middleware\\ConvertEmptyStringsToNull->handle(Object(Illuminate\\Http\\Request), Object(Closure))\n#15 C:\\laragon\\www\\Projeto_Biblioteca_Digital\\vendor\\laravel\\framework\\src\\Illuminate\\Foundation\\Http\\Middleware\\TransformsRequest.php(21): Illuminate\\Pipeline\\Pipeline->{closure:{closure:Illuminate\\Pipeline\\Pipeline::carry():194}:195}(Object(Illuminate\\Http\\Request))\n#16 C:\\laragon\\www\\Projeto_Biblioteca_Digital\\vendor\\laravel\\framework\\src\\Illuminate\\Foundation\\Http\\Middleware\\TrimStrings.php(51): Illuminate\\Foundation\\Http\\Middleware\\TransformsRequest->handle(Object(Illuminate\\Http\\Request), Object(Closure))\n#17 C:\\laragon\\www\\Projeto_Biblioteca_Digital\\vendor\\laravel\\framework\\src\\Illuminate\\Pipeline\\Pipeline.php(219): Illuminate\\Foundation\\Http\\Middleware\\TrimStrings->handle(Object(Illuminate\\Http\\Request), Object(Closure))\n#18 C:\\laragon\\www\\Projeto_Biblioteca_Digital\\vendor\\laravel\\framework\\src\\Illuminate\\Http\\Middleware\\ValidatePostSize.php(27): Illuminate\\Pipeline\\Pipeline->{closure:{closure:Illuminate\\Pipeline\\Pipeline::carry():194}:195}(Object(Illuminate\\Http\\Request))\n#19 C:\\laragon\\www\\Projeto_Biblioteca_Digital\\vendor\\laravel\\framework\\src\\Illuminate\\Pipeline\\Pipeline.php(219): Illuminate\\Http\\Middleware\\ValidatePostSize->handle(Object(Illuminate\\Http\\Request), Object(Closure))\n#20 C:\\laragon\\www\\Projeto_Biblioteca_Digital\\vendor\\laravel\\framework\\src\\Illuminate\\Foundation\\Http\\Middleware\\PreventRequestsDuringMaintenance.php(109): Illuminate\\Pipeline\\Pipeline->{closure:{closure:Illuminate\\Pipeline\\Pipeline::carry():194}:195}(Object(Illuminate\\Http\\Request))\n#21 C:\\laragon\\www\\Projeto_Biblioteca_Digital\\vendor\\laravel\\framework\\src\\Illuminate\\Pipeline\\Pipeline.php(219): Illuminate\\Foundation\\Http\\Middleware\\PreventRequestsDuringMaintenance->handle(Object(Illuminate\\Http\\Request), Object(Closure))\n#22 C:\\laragon\\www\\Projeto_Biblioteca_Digital\\vendor\\laravel\\framework\\src\\Illuminate\\Http\\Middleware\\HandleCors.php(61): Illuminate\\Pipeline\\Pipeline->{closure:{closure:Illuminate\\Pipeline\\Pipeline::carry():194}:195}(Object(Illuminate\\Http\\Request))\n#23 C:\\laragon\\www\\Projeto_Biblioteca_Digital\\vendor\\laravel\\framework\\src\\Illuminate\\Pipeline\\Pipeline.php(219): Illuminate\\Http\\Middleware\\HandleCors->handle(Object(Illuminate\\Http\\Request), Object(Closure))\n#24 C:\\laragon\\www\\Projeto_Biblioteca_Digital\\vendor\\laravel\\framework\\src\\Illuminate\\Http\\Middleware\\TrustProxies.php(58): Illuminate\\Pipeline\\Pipeline->{closure:{closure:Illuminate\\Pipeline\\Pipeline::carry():194}:195}(Object(Illuminate\\Http\\Request))\n#25 C:\\laragon\\www\\Projeto_Biblioteca_Digital\\vendor\\laravel\\framework\\src\\Illuminate\\Pipeline\\Pipeline.php(219): Illuminate\\Http\\Middleware\\TrustProxies->handle(Object(Illuminate\\Http\\Request), Object(Closure))\n#26 C:\\laragon\\www\\Projeto_Biblioteca_Digital\\vendor\\laravel\\framework\\src\\Illuminate\\Foundation\\Http\\Middleware\\InvokeDeferredCallbacks.php(22): Illuminate\\Pipeline\\Pipeline->{closure:{closure:Illuminate\\Pipeline\\Pipeline::carry():194}:195}(Object(Illuminate\\Http\\Request))\n#27 C:\\laragon\\www\\Projeto_Biblioteca_Digital\\vendor\\laravel\\framework\\src\\Illuminate\\Pipeline\\Pipeline.php(219): Illuminate\\Foundation\\Http\\Middleware\\InvokeDeferredCallbacks->handle(Object(Illuminate\\Http\\Request), Object(Closure))\n#28 C:\\laragon\\www\\Projeto_Biblioteca_Digital\\vendor\\laravel\\framework\\src\\Illuminate\\Http\\Middleware\\ValidatePathEncoding.php(28): Illuminate\\Pipeline\\Pipeline->{closure:{closure:Illuminate\\Pipeline\\Pipeline::carry():194}:195}(Object(Illuminate\\Http\\Request))\n#29 C:\\laragon\\www\\Projeto_Biblioteca_Digital\\vendor\\laravel\\framework\\src\\Illuminate\\Pipeline\\Pipeline.php(219): Illuminate\\Http\\Middleware\\ValidatePathEncoding->handle(Object(Illuminate\\Http\\Request), Object(Closure))\n#30 C:\\laragon\\www\\Projeto_Biblioteca_Digital\\vendor\\laravel\\framework\\src\\Illuminate\\Pipeline\\Pipeline.php(137): Illuminate\\Pipeline\\Pipeline->{closure:{closure:Illuminate\\Pipeline\\Pipeline::carry():194}:195}(Object(Illuminate\\Http\\Request))\n#31 C:\\laragon\\www\\Projeto_Biblioteca_Digital\\vendor\\laravel\\framework\\src\\Illuminate\\Foundation\\Http\\Kernel.php(175): Illuminate\\Pipeline\\Pipeline->then(Object(Closure))\n#32 C:\\laragon\\www\\Projeto_Biblioteca_Digital\\vendor\\laravel\\framework\\src\\Illuminate\\Foundation\\Http\\Kernel.php(144): Illuminate\\Foundation\\Http\\Kernel->sendRequestThroughRouter(Object(Illuminate\\Http\\Request))\n#33 C:\\laragon\\www\\Projeto_Biblioteca_Digital\\vendor\\laravel\\framework\\src\\Illuminate\\Foundation\\Testing\\Concerns\\MakesHttpRequests.php(607): Illuminate\\Foundation\\Http\\Kernel->handle(Object(Illuminate\\Http\\Request))\n#34 C:\\laragon\\www\\Projeto_Biblioteca_Digital\\vendor\\laravel\\framework\\src\\Illuminate\\Foundation\\Testing\\Concerns\\MakesHttpRequests.php(368): Illuminate\\Foundation\\Testing\\TestCase->call('GET', 'http://localhos..', Array, Array, Array, Array)\n#35 C:\\laragon\\www\\Projeto_Biblioteca_Digital\\tests\\Feature\\BibliotecaTest.php(22): Illuminate\\Foundation\\Testing\\TestCase->get('http://localhos..')\n#36 C:\\laragon\\www\\Projeto_Biblioteca_Digital\\vendor\\phpunit\\phpunit\\src\\Framework\\TestCase.php(1318): Tests\\Feature\\BibliotecaTest->test_guests_are_redirected_from_protected_routes()\n#37 C:\\laragon\\www\\Projeto_Biblioteca_Digital\\vendor\\phpunit\\phpunit\\src\\Framework\\TestCase.php(1355): PHPUnit\\Framework\\TestCase->invokeTestMethod('test_guests_are..', Array)\n#38 C:\\laragon\\www\\Projeto_Biblioteca_Digital\\vendor\\phpunit\\phpunit\\src\\Framework\\TestCase.php(521): PHPUnit\\Framework\\TestCase->runTest()\n#39 C:\\laragon\\www\\Projeto_Biblioteca_Digital\\vendor\\phpunit\\phpunit\\src\\Framework\\TestRunner\\TestRunner.php(99): PHPUnit\\Framework\\TestCase->runBare()\n#40 C:\\laragon\\www\\Projeto_Biblioteca_Digital\\vendor\\phpunit\\phpunit\\src\\Framework\\TestCase.php(361): PHPUnit\\Framework\\TestRunner->run(Object(Tests\\Feature\\BibliotecaTest))\n#41 C:\\laragon\\www\\Projeto_Biblioteca_Digital\\vendor\\phpunit\\phpunit\\src\\Framework\\TestSuite.php(374): PHPUnit\\Framework\\TestCase->run()\n#42 C:\\laragon\\www\\Projeto_Biblioteca_Digital\\vendor\\phpunit\\phpunit\\src\\Framework\\TestSuite.php(374): PHPUnit\\Framework\\TestSuite->run()\n#43 C:\\laragon\\www\\Projeto_Biblioteca_Digital\\vendor\\phpunit\\phpunit\\src\\Framework\\TestSuite.php(374): PHPUnit\\Framework\\TestSuite->run()\n#44 C:\\laragon\\www\\Projeto_Biblioteca_Digital\\vendor\\phpunit\\phpunit\\src\\TextUI\\TestRunner.php(64): PHPUnit\\Framework\\TestSuite->run()\n#45 C:\\laragon\\www\\Projeto_Biblioteca_Digital\\vendor\\phpunit\\phpunit\\src\\TextUI\\Application.php(229): PHPUnit\\TextUI\\TestRunner->run(Object(PHPUnit\\TextUI\\Configuration\\Configuration), Object(PHPUnit\\Runner\\ResultCache\\DefaultResultCache), Object(PHPUnit\\Framework\\TestSuite))\n#46 C:\\laragon\\www\\Projeto_Biblioteca_Digital\\vendor\\phpunit\\phpunit\\phpunit(104): PHPUnit\\TextUI\\Application->run(Array)\n#47 {main}\n\n----------------------------------------------------------------------------------\n\nsyntax error, unexpected token \"{\", expecting \")\""},{"test":"Tests\\Feature\\BibliotecaTest::test_user_can_save_a_book_to_favorites","file":"C:\\laragon\\www\\Projeto_Biblioteca_Digital\\tests\\Feature\\BibliotecaTest.php","line":85,"message":"Expected response status code [201, 301, 302, 303, 307, 308] but received 500.\nFailed asserting that false is true.\r\n\r\nThe following exception occurred during the last request:\n\nParseError: syntax error, unexpected token \"{\", expecting \")\" in C:\\laragon\\www\\Projeto_Biblioteca_Digital\\app\\Http\\Controllers\\FavoriteBookController.php:88\nStack trace:\n#0 C:\\laragon\\www\\Projeto_Biblioteca_Digital\\vendor\\composer\\ClassLoader.php(427): {closure:Composer\\Autoload\\ClassLoader::initializeIncludeClosure():575}('C:\\\\laragon\\\\www\\\\..')\n#1 [internal function]: Composer\\Autoload\\ClassLoader->loadClass('App\\\\Http\\\\Contro..')\n#2 C:\\laragon\\www\\Projeto_Biblioteca_Digital\\vendor\\laravel\\framework\\src\\Illuminate\\Routing\\Route.php(1187): ReflectionClass->__construct('App\\\\Http\\\\Contro..')\n#3 C:\\laragon\\www\\Projeto_Biblioteca_Digital\\vendor\\laravel\\framework\\src\\Illuminate\\Routing\\Route.php(1137): Illuminate\\Routing\\Route->attributeProvidedControllerMiddleware('App\\\\Http\\\\Contro..', 'store')\n#4 C:\\laragon\\www\\Projeto_Biblioteca_Digital\\vendor\\laravel\\framework\\src\\Illuminate\\Routing\\Route.php(1074): Illuminate\\Routing\\Route->controllerMiddleware()\n#5 C:\\laragon\\www\\Projeto_Biblioteca_Digital\\vendor\\laravel\\framework\\src\\Illuminate\\Routing\\Router.php(834): Illuminate\\Routing\\Route->gatherMiddleware()\n#6 C:\\laragon\\www\\Projeto_Biblioteca_Digital\\vendor\\laravel\\framework\\src\\Illuminate\\Routing\\Router.php(816): Illuminate\\Routing\\Router->gatherRouteMiddleware(Object(Illuminate\\Routing\\Route))\n#7 C:\\laragon\\www\\Projeto_Biblioteca_Digital\\vendor\\laravel\\framework\\src\\Illuminate\\Routing\\Router.php(800): Illuminate\\Routing\\Router->runRouteWithinStack(Object(Illuminate\\Routing\\Route), Object(Illuminate\\Http\\Request))\n#8 C:\\laragon\\www\\Projeto_Biblioteca_Digital\\vendor\\laravel\\framework\\src\\Illuminate\\Routing\\Router.php(764): Illuminate\\Routing\\Router->runRoute(Object(Illuminate\\Http\\Request), Object(Illuminate\\Routing\\Route))\n#9 C:\\laragon\\www\\Projeto_Biblioteca_Digital\\vendor\\laravel\\framework\\src\\Illuminate\\Routing\\Router.php(753): Illuminate\\Routing\\Router->dispatchToRoute(Object(Illuminate\\Http\\Request))\n#10 C:\\laragon\\www\\Projeto_Biblioteca_Digital\\vendor\\laravel\\framework\\src\\Illuminate\\Foundation\\Http\\Kernel.php(200): Illuminate\\Routing\\Router->dispatch(Object(Illuminate\\Http\\Request))\n#11 C:\\laragon\\www\\Projeto_Biblioteca_Digital\\vendor\\laravel\\framework\\src\\Illuminate\\Pipeline\\Pipeline.php(180): Illuminate\\Foundation\\Http\\Kernel->{closure:Illuminate\\Foundation\\Http\\Kernel::dispatchToRouter():197}(Object(Illuminate\\Http\\Request))\n#12 C:\\laragon\\www\\Projeto_Biblioteca_Digital\\vendor\\laravel\\framework\\src\\Illuminate\\Foundation\\Http\\Middleware\\TransformsRequest.php(21): Illuminate\\Pipeline\\Pipeline->{closure:Illuminate\\Pipeline\\Pipeline::prepareDestination():178}(Object(Illuminate\\Http\\Request))\n#13 C:\\laragon\\www\\Projeto_Biblioteca_Digital\\vendor\\laravel\\framework\\src\\Illuminate\\Foundation\\Http\\Middleware\\ConvertEmptyStringsToNull.php(31): Illuminate\\Foundation\\Http\\Middleware\\TransformsRequest->handle(Object(Illuminate\\Http\\Request), Object(Closure))\n#14 C:\\laragon\\www\\Projeto_Biblioteca_Digital\\vendor\\laravel\\framework\\src\\Illuminate\\Pipeline\\Pipeline.php(219): Illuminate\\Foundation\\Http\\Middleware\\ConvertEmptyStringsToNull->handle(Object(Illuminate\\Http\\Request), Object(Closure))\n#15 C:\\laragon\\www\\Projeto_Biblioteca_Digital\\vendor\\laravel\\framework\\src\\Illuminate\\Foundation\\Http\\Middleware\\TransformsRequest.php(21): Illuminate\\Pipeline\\Pipeline->{closure:{closure:Illuminate\\Pipeline\\Pipeline::carry():194}:195}(Object(Illuminate\\Http\\Request))\n#16 C:\\laragon\\www\\Projeto_Biblioteca_Digital\\vendor\\laravel\\framework\\src\\Illuminate\\Foundation\\Http\\Middleware\\TrimStrings.php(51): Illuminate\\Foundation\\Http\\Middleware\\TransformsRequest->handle(Object(Illuminate\\Http\\Request), Object(Closure))\n#17 C:\\laragon\\www\\Projeto_Biblioteca_Digital\\vendor\\laravel\\framework\\src\\Illuminate\\Pipeline\\Pipeline.php(219): Illuminate\\Foundation\\Http\\Middleware\\TrimStrings->handle(Object(Illuminate\\Http\\Request), Object(Closure))\n#18 C:\\laragon\\www\\Projeto_Biblioteca_Digital\\vendor\\laravel\\framework\\src\\Illuminate\\Http\\Middleware\\ValidatePostSize.php(27): Illuminate\\Pipeline\\Pipeline->{closure:{closure:Illuminate\\Pipeline\\Pipeline::carry():194}:195}(Object(Illuminate\\Http\\Request))\n#19 C:\\laragon\\www\\Projeto_Biblioteca_Digital\\vendor\\laravel\\framework\\src\\Illuminate\\Pipeline\\Pipeline.php(219): Illuminate\\Http\\Middleware\\ValidatePostSize->handle(Object(Illuminate\\Http\\Request), Object(Closure))\n#20 C:\\laragon\\www\\Projeto_Biblioteca_Digital\\vendor\\laravel\\framework\\src\\Illuminate\\Foundation\\Http\\Middleware\\PreventRequestsDuringMaintenance.php(109): Illuminate\\Pipeline\\Pipeline->{closure:{closure:Illuminate\\Pipeline\\Pipeline::carry():194}:195}(Object(Illuminate\\Http\\Request))\n#21 C:\\laragon\\www\\Projeto_Biblioteca_Digital\\vendor\\laravel\\framework\\src\\Illuminate\\Pipeline\\Pipeline.php(219): Illuminate\\Foundation\\Http\\Middleware\\PreventRequestsDuringMaintenance->handle(Object(Illuminate\\Http\\Request), Object(Closure))\n#22 C:\\laragon\\www\\Projeto_Biblioteca_Digital\\vendor\\laravel\\framework\\src\\Illuminate\\Http\\Middleware\\HandleCors.php(61): Illuminate\\Pipeline\\Pipeline->{closure:{closure:Illuminate\\Pipeline\\Pipeline::carry():194}:195}(Object(Illuminate\\Http\\Request))\n#23 C:\\laragon\\www\\Projeto_Biblioteca_Digital\\vendor\\laravel\\framework\\src\\Illuminate\\Pipeline\\Pipeline.php(219): Illuminate\\Http\\Middleware\\HandleCors->handle(Object(Illuminate\\Http\\Request), Object(Closure))\n#24 C:\\laragon\\www\\Projeto_Biblioteca_Digital\\vendor\\laravel\\framework\\src\\Illuminate\\Http\\Middleware\\TrustProxies.php(58): Illuminate\\Pipeline\\Pipeline->{closure:{closure:Illuminate\\Pipeline\\Pipeline::carry():194}:195}(Object(Illuminate\\Http\\Request))\n#25 C:\\laragon\\www\\Projeto_Biblioteca_Digital\\vendor\\laravel\\framework\\src\\Illuminate\\Pipeline\\Pipeline.php(219): Illuminate\\Http\\Middleware\\TrustProxies->handle(Object(Illuminate\\Http\\Request), Object(Closure))\n#26 C:\\laragon\\www\\Projeto_Biblioteca_Digital\\vendor\\laravel\\framework\\src\\Illuminate\\Foundation\\Http\\Middleware\\InvokeDeferredCallbacks.php(22): Illuminate\\Pipeline\\Pipeline->{closure:{closure:Illuminate\\Pipeline\\Pipeline::carry():194}:195}(Object(Illuminate\\Http\\Request))\n#27 C:\\laragon\\www\\Projeto_Biblioteca_Digital\\vendor\\laravel\\framework\\src\\Illuminate\\Pipeline\\Pipeline.php(219): Illuminate\\Foundation\\Http\\Middleware\\InvokeDeferredCallbacks->handle(Object(Illuminate\\Http\\Request), Object(Closure))\n#28 C:\\laragon\\www\\Projeto_Biblioteca_Digital\\vendor\\laravel\\framework\\src\\Illuminate\\Http\\Middleware\\ValidatePathEncoding.php(28): Illuminate\\Pipeline\\Pipeline->{closure:{closure:Illuminate\\Pipeline\\Pipeline::carry():194}:195}(Object(Illuminate\\Http\\Request))\n#29 C:\\laragon\\www\\Projeto_Biblioteca_Digital\\vendor\\laravel\\framework\\src\\Illuminate\\Pipeline\\Pipeline.php(219): Illuminate\\Http\\Middleware\\ValidatePathEncoding->handle(Object(Illuminate\\Http\\Request), Object(Closure))\n#30 C:\\laragon\\www\\Projeto_Biblioteca_Digital\\vendor\\laravel\\framework\\src\\Illuminate\\Pipeline\\Pipeline.php(137): Illuminate\\Pipeline\\Pipeline->{closure:{closure:Illuminate\\Pipeline\\Pipeline::carry():194}:195}(Object(Illuminate\\Http\\Request))\n#31 C:\\laragon\\www\\Projeto_Biblioteca_Digital\\vendor\\laravel\\framework\\src\\Illuminate\\Foundation\\Http\\Kernel.php(175): Illuminate\\Pipeline\\Pipeline->then(Object(Closure))\n#32 C:\\laragon\\www\\Projeto_Biblioteca_Digital\\vendor\\laravel\\framework\\src\\Illuminate\\Foundation\\Http\\Kernel.php(144): Illuminate\\Foundation\\Http\\Kernel->sendRequestThroughRouter(Object(Illuminate\\Http\\Request))\n#33 C:\\laragon\\www\\Projeto_Biblioteca_Digital\\vendor\\laravel\\framework\\src\\Illuminate\\Foundation\\Testing\\Concerns\\MakesHttpRequests.php(607): Illuminate\\Foundation\\Http\\Kernel->handle(Object(Illuminate\\Http\\Request))\n#34 C:\\laragon\\www\\Projeto_Biblioteca_Digital\\vendor\\laravel\\framework\\src\\Illuminate\\Foundation\\Testing\\Concerns\\MakesHttpRequests.php(397): Illuminate\\Foundation\\Testing\\TestCase->call('POST', 'http://localhos..', Array, Array, Array, Array)\n#35 C:\\laragon\\www\\Projeto_Biblioteca_Digital\\tests\\Feature\\BibliotecaTest.php(99): Illuminate\\Foundation\\Testing\\TestCase->post('http://localhos..', Array)\n#36 C:\\laragon\\www\\Projeto_Biblioteca_Digital\\vendor\\phpunit\\phpunit\\src\\Framework\\TestCase.php(1318): Tests\\Feature\\BibliotecaTest->test_user_can_save_a_book_to_favorites()\n#37 C:\\laragon\\www\\Projeto_Biblioteca_Digital\\vendor\\phpunit\\phpunit\\src\\Framework\\TestCase.php(1355): PHPUnit\\Framework\\TestCase->invokeTestMethod('test_user_can_s..', Array)\n#38 C:\\laragon\\www\\Projeto_Biblioteca_Digital\\vendor\\phpunit\\phpunit\\src\\Framework\\TestCase.php(521): PHPUnit\\Framework\\TestCase->runTest()\n#39 C:\\laragon\\www\\Projeto_Biblioteca_Digital\\vendor\\phpunit\\phpunit\\src\\Framework\\TestRunner\\TestRunner.php(99): PHPUnit\\Framework\\TestCase->runBare()\n#40 C:\\laragon\\www\\Projeto_Biblioteca_Digital\\vendor\\phpunit\\phpunit\\src\\Framework\\TestCase.php(361): PHPUnit\\Framework\\TestRunner->run(Object(Tests\\Feature\\BibliotecaTest))\n#41 C:\\laragon\\www\\Projeto_Biblioteca_Digital\\vendor\\phpunit\\phpunit\\src\\Framework\\TestSuite.php(374): PHPUnit\\Framework\\TestCase->run()\n#42 C:\\laragon\\www\\Projeto_Biblioteca_Digital\\vendor\\phpunit\\phpunit\\src\\Framework\\TestSuite.php(374): PHPUnit\\Framework\\TestSuite->run()\n#43 C:\\laragon\\www\\Projeto_Biblioteca_Digital\\vendor\\phpunit\\phpunit\\src\\Framework\\TestSuite.php(374): PHPUnit\\Framework\\TestSuite->run()\n#44 C:\\laragon\\www\\Projeto_Biblioteca_Digital\\vendor\\phpunit\\phpunit\\src\\TextUI\\TestRunner.php(64): PHPUnit\\Framework\\TestSuite->run()\n#45 C:\\laragon\\www\\Projeto_Biblioteca_Digital\\vendor\\phpunit\\phpunit\\src\\TextUI\\Application.php(229): PHPUnit\\TextUI\\TestRunner->run(Object(PHPUnit\\TextUI\\Configuration\\Configuration), Object(PHPUnit\\Runner\\ResultCache\\DefaultResultCache), Object(PHPUnit\\Framework\\TestSuite))\n#46 C:\\laragon\\www\\Projeto_Biblioteca_Digital\\vendor\\phpunit\\phpunit\\phpunit(104): PHPUnit\\TextUI\\Application->run(Array)\n#47 {main}\n\n----------------------------------------------------------------------------------\n\nsyntax error, unexpected token \"{\", expecting \")\""},{"test":"Tests\\Feature\\BibliotecaTest::test_user_cannot_save_the_same_book_twice","file":"C:\\laragon\\www\\Projeto_Biblioteca_Digital\\tests\\Feature\\BibliotecaTest.php","line":110,"message":"Failed asserting that table [favorite_books] matches expected entries count of 1. Entries found: 0.\n."},{"test":"Tests\\Feature\\BibliotecaTest::test_user_can_remove_their_own_favorite","file":"C:\\laragon\\www\\Projeto_Biblioteca_Digital\\tests\\Feature\\BibliotecaTest.php","line":130,"message":"Expected response status code [201, 301, 302, 303, 307, 308] but received 500.\nFailed asserting that false is true.\r\n\r\nThe following exception occurred during the last request:\n\nParseError: syntax error, unexpected token \"{\", expecting \")\" in C:\\laragon\\www\\Projeto_Biblioteca_Digital\\app\\Http\\Controllers\\FavoriteBookController.php:88\nStack trace:\n#0 C:\\laragon\\www\\Projeto_Biblioteca_Digital\\vendor\\composer\\ClassLoader.php(427): {closure:Composer\\Autoload\\ClassLoader::initializeIncludeClosure():575}('C:\\\\laragon\\\\www\\\\..')\n#1 [internal function]: Composer\\Autoload\\ClassLoader->loadClass('App\\\\Http\\\\Contro..')\n#2 C:\\laragon\\www\\Projeto_Biblioteca_Digital\\vendor\\laravel\\framework\\src\\Illuminate\\Routing\\Route.php(1187): ReflectionClass->__construct('App\\\\Http\\\\Contro..')\n#3 C:\\laragon\\www\\Projeto_Biblioteca_Digital\\vendor\\laravel\\framework\\src\\Illuminate\\Routing\\Route.php(1137): Illuminate\\Routing\\Route->attributeProvidedControllerMiddleware('App\\\\Http\\\\Contro..', 'destroy')\n#4 C:\\laragon\\www\\Projeto_Biblioteca_Digital\\vendor\\laravel\\framework\\src\\Illuminate\\Routing\\Route.php(1074): Illuminate\\Routing\\Route->controllerMiddleware()\n#5 C:\\laragon\\www\\Projeto_Biblioteca_Digital\\vendor\\laravel\\framework\\src\\Illuminate\\Routing\\Router.php(834): Illuminate\\Routing\\Route->gatherMiddleware()\n#6 C:\\laragon\\www\\Projeto_Biblioteca_Digital\\vendor\\laravel\\framework\\src\\Illuminate\\Routing\\Router.php(816): Illuminate\\Routing\\Router->gatherRouteMiddleware(Object(Illuminate\\Routing\\Route))\n#7 C:\\laragon\\www\\Projeto_Biblioteca_Digital\\vendor\\laravel\\framework\\src\\Illuminate\\Routing\\Router.php(800): Illuminate\\Routing\\Router->runRouteWithinStack(Object(Illuminate\\Routing\\Route), Object(Illuminate\\Http\\Request))\n#8 C:\\laragon\\www\\Projeto_Biblioteca_Digital\\vendor\\laravel\\framework\\src\\Illuminate\\Routing\\Router.php(764): Illuminate\\Routing\\Router->runRoute(Object(Illuminate\\Http\\Request), Object(Illuminate\\Routing\\Route))\n#9 C:\\laragon\\www\\Projeto_Biblioteca_Digital\\vendor\\laravel\\framework\\src\\Illuminate\\Routing\\Router.php(753): Illuminate\\Routing\\Router->dispatchToRoute(Object(Illuminate\\Http\\Request))\n#10 C:\\laragon\\www\\Projeto_Biblioteca_Digital\\vendor\\laravel\\framework\\src\\Illuminate\\Foundation\\Http\\Kernel.php(200): Illuminate\\Routing\\Router->dispatch(Object(Illuminate\\Http\\Request))\n#11 C:\\laragon\\www\\Projeto_Biblioteca_Digital\\vendor\\laravel\\framework\\src\\Illuminate\\Pipeline\\Pipeline.php(180): Illuminate\\Foundation\\Http\\Kernel->{closure:Illuminate\\Foundation\\Http\\Kernel::dispatchToRouter():197}(Object(Illuminate\\Http\\Request))\n#12 C:\\laragon\\www\\Projeto_Biblioteca_Digital\\vendor\\laravel\\framework\\src\\Illuminate\\Foundation\\Http\\Middleware\\TransformsRequest.php(21): Illuminate\\Pipeline\\Pipeline->{closure:Illuminate\\Pipeline\\Pipeline::prepareDestination():178}(Object(Illuminate\\Http\\Request))\n#13 C:\\laragon\\www\\Projeto_Biblioteca_Digital\\vendor\\laravel\\framework\\src\\Illuminate\\Foundation\\Http\\Middleware\\ConvertEmptyStringsToNull.php(31): Illuminate\\Foundation\\Http\\Middleware\\TransformsRequest->handle(Object(Illuminate\\Http\\Request), Object(Closure))\n#14 C:\\laragon\\www\\Projeto_Biblioteca_Digital\\vendor\\laravel\\framework\\src\\Illuminate\\Pipeline\\Pipeline.php(219): Illuminate\\Foundation\\Http\\Middleware\\ConvertEmptyStringsToNull->handle(Object(Illuminate\\Http\\Request), Object(Closure))\n#15 C:\\laragon\\www\\Projeto_Biblioteca_Digital\\vendor\\laravel\\framework\\src\\Illuminate\\Foundation\\Http\\Middleware\\TransformsRequest.php(21): Illuminate\\Pipeline\\Pipeline->{closure:{closure:Illuminate\\Pipeline\\Pipeline::carry():194}:195}(Object(Illuminate\\Http\\Request))\n#16 C:\\laragon\\www\\Projeto_Biblioteca_Digital\\vendor\\laravel\\framework\\src\\Illuminate\\Foundation\\Http\\Middleware\\TrimStrings.php(51): Illuminate\\Foundation\\Http\\Middleware\\TransformsRequest->handle(Object(Illuminate\\Http\\Request), Object(Closure))\n#17 C:\\laragon\\www\\Projeto_Biblioteca_Digital\\vendor\\laravel\\framework\\src\\Illuminate\\Pipeline\\Pipeline.php(219): Illuminate\\Foundation\\Http\\Middleware\\TrimStrings->handle(Object(Illuminate\\Http\\Request), Object(Closure))\n#18 C:\\laragon\\www\\Projeto_Biblioteca_Digital\\vendor\\laravel\\framework\\src\\Illuminate\\Http\\Middleware\\ValidatePostSize.php(27): Illuminate\\Pipeline\\Pipeline->{closure:{closure:Illuminate\\Pipeline\\Pipeline::carry():194}:195}(Object(Illuminate\\Http\\Request))\n#19 C:\\laragon\\www\\Projeto_Biblioteca_Digital\\vendor\\laravel\\framework\\src\\Illuminate\\Pipeline\\Pipeline.php(219): Illuminate\\Http\\Middleware\\ValidatePostSize->handle(Object(Illuminate\\Http\\Request), Object(Closure))\n#20 C:\\laragon\\www\\Projeto_Biblioteca_Digital\\vendor\\laravel\\framework\\src\\Illuminate\\Foundation\\Http\\Middleware\\PreventRequestsDuringMaintenance.php(109): Illuminate\\Pipeline\\Pipeline->{closure:{closure:Illuminate\\Pipeline\\Pipeline::carry():194}:195}(Object(Illuminate\\Http\\Request))\n#21 C:\\laragon\\www\\Projeto_Biblioteca_Digital\\vendor\\laravel\\framework\\src\\Illuminate\\Pipeline\\Pipeline.php(219): Illuminate\\Foundation\\Http\\Middleware\\PreventRequestsDuringMaintenance->handle(Object(Illuminate\\Http\\Request), Object(Closure))\n#22 C:\\laragon\\www\\Projeto_Biblioteca_Digital\\vendor\\laravel\\framework\\src\\Illuminate\\Http\\Middleware\\HandleCors.php(61): Illuminate\\Pipeline\\Pipeline->{closure:{closure:Illuminate\\Pipeline\\Pipeline::carry():194}:195}(Object(Illuminate\\Http\\Request))\n#23 C:\\laragon\\www\\Projeto_Biblioteca_Digital\\vendor\\laravel\\framework\\src\\Illuminate\\Pipeline\\Pipeline.php(219): Illuminate\\Http\\Middleware\\HandleCors->handle(Object(Illuminate\\Http\\Request), Object(Closure))\n#24 C:\\laragon\\www\\Projeto_Biblioteca_Digital\\vendor\\laravel\\framework\\src\\Illuminate\\Http\\Middleware\\TrustProxies.php(58): Illuminate\\Pipeline\\Pipeline->{closure:{closure:Illuminate\\Pipeline\\Pipeline::carry():194}:195}(Object(Illuminate\\Http\\Request))\n#25 C:\\laragon\\www\\Projeto_Biblioteca_Digital\\vendor\\laravel\\framework\\src\\Illuminate\\Pipeline\\Pipeline.php(219): Illuminate\\Http\\Middleware\\TrustProxies->handle(Object(Illuminate\\Http\\Request), Object(Closure))\n#26 C:\\laragon\\www\\Projeto_Biblioteca_Digital\\vendor\\laravel\\framework\\src\\Illuminate\\Foundation\\Http\\Middleware\\InvokeDeferredCallbacks.php(22): Illuminate\\Pipeline\\Pipeline->{closure:{closure:Illuminate\\Pipeline\\Pipeline::carry():194}:195}(Object(Illuminate\\Http\\Request))\n#27 C:\\laragon\\www\\Projeto_Biblioteca_Digital\\vendor\\laravel\\framework\\src\\Illuminate\\Pipeline\\Pipeline.php(219): Illuminate\\Foundation\\Http\\Middleware\\InvokeDeferredCallbacks->handle(Object(Illuminate\\Http\\Request), Object(Closure))\n#28 C:\\laragon\\www\\Projeto_Biblioteca_Digital\\vendor\\laravel\\framework\\src\\Illuminate\\Http\\Middleware\\ValidatePathEncoding.php(28): Illuminate\\Pipeline\\Pipeline->{closure:{closure:Illuminate\\Pipeline\\Pipeline::carry():194}:195}(Object(Illuminate\\Http\\Request))\n#29 C:\\laragon\\www\\Projeto_Biblioteca_Digital\\vendor\\laravel\\framework\\src\\Illuminate\\Pipeline\\Pipeline.php(219): Illuminate\\Http\\Middleware\\ValidatePathEncoding->handle(Object(Illuminate\\Http\\Request), Object(Closure))\n#30 C:\\laragon\\www\\Projeto_Biblioteca_Digital\\vendor\\laravel\\framework\\src\\Illuminate\\Pipeline\\Pipeline.php(137): Illuminate\\Pipeline\\Pipeline->{closure:{closure:Illuminate\\Pipeline\\Pipeline::carry():194}:195}(Object(Illuminate\\Http\\Request))\n#31 C:\\laragon\\www\\Projeto_Biblioteca_Digital\\vendor\\laravel\\framework\\src\\Illuminate\\Foundation\\Http\\Kernel.php(175): Illuminate\\Pipeline\\Pipeline->then(Object(Closure))\n#32 C:\\laragon\\www\\Projeto_Biblioteca_Digital\\vendor\\laravel\\framework\\src\\Illuminate\\Foundation\\Http\\Kernel.php(144): Illuminate\\Foundation\\Http\\Kernel->sendRequestThroughRouter(Object(Illuminate\\Http\\Request))\n#33 C:\\laragon\\www\\Projeto_Biblioteca_Digital\\vendor\\laravel\\framework\\src\\Illuminate\\Foundation\\Testing\\Concerns\\MakesHttpRequests.php(607): Illuminate\\Foundation\\Http\\Kernel->handle(Object(Illuminate\\Http\\Request))\n#34 C:\\laragon\\www\\Projeto_Biblioteca_Digital\\vendor\\laravel\\framework\\src\\Illuminate\\Foundation\\Testing\\Concerns\\MakesHttpRequests.php(487): Illuminate\\Foundation\\Testing\\TestCase->call('DELETE', 'http://localhos..', Array, Array, Array, Array)\n#35 C:\\laragon\\www\\Projeto_Biblioteca_Digital\\tests\\Feature\\BibliotecaTest.php(136): Illuminate\\Foundation\\Testing\\TestCase->delete('http://localhos..')\n#36 C:\\laragon\\www\\Projeto_Biblioteca_Digital\\vendor\\phpunit\\phpunit\\src\\Framework\\TestCase.php(1318): Tests\\Feature\\BibliotecaTest->test_user_can_remove_their_own_favorite()\n#37 C:\\laragon\\www\\Projeto_Biblioteca_Digital\\vendor\\phpunit\\phpunit\\src\\Framework\\TestCase.php(1355): PHPUnit\\Framework\\TestCase->invokeTestMethod('test_user_can_r..', Array)\n#38 C:\\laragon\\www\\Projeto_Biblioteca_Digital\\vendor\\phpunit\\phpunit\\src\\Framework\\TestCase.php(521): PHPUnit\\Framework\\TestCase->runTest()\n#39 C:\\laragon\\www\\Projeto_Biblioteca_Digital\\vendor\\phpunit\\phpunit\\src\\Framework\\TestRunner\\TestRunner.php(99): PHPUnit\\Framework\\TestCase->runBare()\n#40 C:\\laragon\\www\\Projeto_Biblioteca_Digital\\vendor\\phpunit\\phpunit\\src\\Framework\\TestCase.php(361): PHPUnit\\Framework\\TestRunner->run(Object(Tests\\Feature\\BibliotecaTest))\n#41 C:\\laragon\\www\\Projeto_Biblioteca_Digital\\vendor\\phpunit\\phpunit\\src\\Framework\\TestSuite.php(374): PHPUnit\\Framework\\TestCase->run()\n#42 C:\\laragon\\www\\Projeto_Biblioteca_Digital\\vendor\\phpunit\\phpunit\\src\\Framework\\TestSuite.php(374): PHPUnit\\Framework\\TestSuite->run()\n#43 C:\\laragon\\www\\Projeto_Biblioteca_Digital\\vendor\\phpunit\\phpunit\\src\\Framework\\TestSuite.php(374): PHPUnit\\Framework\\TestSuite->run()\n#44 C:\\laragon\\www\\Projeto_Biblioteca_Digital\\vendor\\phpunit\\phpunit\\src\\TextUI\\TestRunner.php(64): PHPUnit\\Framework\\TestSuite->run()\n#45 C:\\laragon\\www\\Projeto_Biblioteca_Digital\\vendor\\phpunit\\phpunit\\src\\TextUI\\Application.php(229): PHPUnit\\TextUI\\TestRunner->run(Object(PHPUnit\\TextUI\\Configuration\\Configuration), Object(PHPUnit\\Runner\\ResultCache\\DefaultResultCache), Object(PHPUnit\\Framework\\TestSuite))\n#46 C:\\laragon\\www\\Projeto_Biblioteca_Digital\\vendor\\phpunit\\phpunit\\phpunit(104): PHPUnit\\TextUI\\Application->run(Array)\n#47 {main}\n\n----------------------------------------------------------------------------------\n\nsyntax error, unexpected token \"{\", expecting \")\""},{"test":"Tests\\Feature\\BibliotecaTest::test_user_cannot_delete_another_users_favorite","file":"C:\\laragon\\www\\Projeto_Biblioteca_Digital\\tests\\Feature\\BibliotecaTest.php","line":143,"message":"Expected response status code [403] but received 500.\nFailed asserting that 500 is identical to 403.\r\n\r\nThe following exception occurred during the last request:\n\nParseError: syntax error, unexpected token \"{\", expecting \")\" in C:\\laragon\\www\\Projeto_Biblioteca_Digital\\app\\Http\\Controllers\\FavoriteBookController.php:88\nStack trace:\n#0 C:\\laragon\\www\\Projeto_Biblioteca_Digital\\vendor\\composer\\ClassLoader.php(427): {closure:Composer\\Autoload\\ClassLoader::initializeIncludeClosure():575}('C:\\\\laragon\\\\www\\\\..')\n#1 [internal function]: Composer\\Autoload\\ClassLoader->loadClass('App\\\\Http\\\\Contro..')\n#2 C:\\laragon\\www\\Projeto_Biblioteca_Digital\\vendor\\laravel\\framework\\src\\Illuminate\\Routing\\Route.php(1187): ReflectionClass->__construct('App\\\\Http\\\\Contro..')\n#3 C:\\laragon\\www\\Projeto_Biblioteca_Digital\\vendor\\laravel\\framework\\src\\Illuminate\\Routing\\Route.php(1137): Illuminate\\Routing\\Route->attributeProvidedControllerMiddleware('App\\\\Http\\\\Contro..', 'destroy')\n#4 C:\\laragon\\www\\Projeto_Biblioteca_Digital\\vendor\\laravel\\framework\\src\\Illuminate\\Routing\\Route.php(1074): Illuminate\\Routing\\Route->controllerMiddleware()\n#5 C:\\laragon\\www\\Projeto_Biblioteca_Digital\\vendor\\laravel\\framework\\src\\Illuminate\\Routing\\Router.php(834): Illuminate\\Routing\\Route->gatherMiddleware()\n#6 C:\\laragon\\www\\Projeto_Biblioteca_Digital\\vendor\\laravel\\framework\\src\\Illuminate\\Routing\\Router.php(816): Illuminate\\Routing\\Router->gatherRouteMiddleware(Object(Illuminate\\Routing\\Route))\n#7 C:\\laragon\\www\\Projeto_Biblioteca_Digital\\vendor\\laravel\\framework\\src\\Illuminate\\Routing\\Router.php(800): Illuminate\\Routing\\Router->runRouteWithinStack(Object(Illuminate\\Routing\\Route), Object(Illuminate\\Http\\Request))\n#8 C:\\laragon\\www\\Projeto_Biblioteca_Digital\\vendor\\laravel\\framework\\src\\Illuminate\\Routing\\Router.php(764): Illuminate\\Routing\\Router->runRoute(Object(Illuminate\\Http\\Request), Object(Illuminate\\Routing\\Route))\n#9 C:\\laragon\\www\\Projeto_Biblioteca_Digital\\vendor\\laravel\\framework\\src\\Illuminate\\Routing\\Router.php(753): Illuminate\\Routing\\Router->dispatchToRoute(Object(Illuminate\\Http\\Request))\n#10 C:\\laragon\\www\\Projeto_Biblioteca_Digital\\vendor\\laravel\\framework\\src\\Illuminate\\Foundation\\Http\\Kernel.php(200): Illuminate\\Routing\\Router->dispatch(Object(Illuminate\\Http\\Request))\n#11 C:\\laragon\\www\\Projeto_Biblioteca_Digital\\vendor\\laravel\\framework\\src\\Illuminate\\Pipeline\\Pipeline.php(180): Illuminate\\Foundation\\Http\\Kernel->{closure:Illuminate\\Foundation\\Http\\Kernel::dispatchToRouter():197}(Object(Illuminate\\Http\\Request))\n#12 C:\\laragon\\www\\Projeto_Biblioteca_Digital\\vendor\\laravel\\framework\\src\\Illuminate\\Foundation\\Http\\Middleware\\TransformsRequest.php(21): Illuminate\\Pipeline\\Pipeline->{closure:Illuminate\\Pipeline\\Pipeline::prepareDestination():178}(Object(Illuminate\\Http\\Request))\n#13 C:\\laragon\\www\\Projeto_Biblioteca_Digital\\vendor\\laravel\\framework\\src\\Illuminate\\Foundation\\Http\\Middleware\\ConvertEmptyStringsToNull.php(31): Illuminate\\Foundation\\Http\\Middleware\\TransformsRequest->handle(Object(Illuminate\\Http\\Request), Object(Closure))\n#14 C:\\laragon\\www\\Projeto_Biblioteca_Digital\\vendor\\laravel\\framework\\src\\Illuminate\\Pipeline\\Pipeline.php(219): Illuminate\\Foundation\\Http\\Middleware\\ConvertEmptyStringsToNull->handle(Object(Illuminate\\Http\\Request), Object(Closure))\n#15 C:\\laragon\\www\\Projeto_Biblioteca_Digital\\vendor\\laravel\\framework\\src\\Illuminate\\Foundation\\Http\\Middleware\\TransformsRequest.php(21): Illuminate\\Pipeline\\Pipeline->{closure:{closure:Illuminate\\Pipeline\\Pipeline::carry():194}:195}(Object(Illuminate\\Http\\Request))\n#16 C:\\laragon\\www\\Projeto_Biblioteca_Digital\\vendor\\laravel\\framework\\src\\Illuminate\\Foundation\\Http\\Middleware\\TrimStrings.php(51): Illuminate\\Foundation\\Http\\Middleware\\TransformsRequest->handle(Object(Illuminate\\Http\\Request), Object(Closure))\n#17 C:\\laragon\\www\\Projeto_Biblioteca_Digital\\vendor\\laravel\\framework\\src\\Illuminate\\Pipeline\\Pipeline.php(219): Illuminate\\Foundation\\Http\\Middleware\\TrimStrings->handle(Object(Illuminate\\Http\\Request), Object(Closure))\n#18 C:\\laragon\\www\\Projeto_Biblioteca_Digital\\vendor\\laravel\\framework\\src\\Illuminate\\Http\\Middleware\\ValidatePostSize.php(27): Illuminate\\Pipeline\\Pipeline->{closure:{closure:Illuminate\\Pipeline\\Pipeline::carry():194}:195}(Object(Illuminate\\Http\\Request))\n#19 C:\\laragon\\www\\Projeto_Biblioteca_Digital\\vendor\\laravel\\framework\\src\\Illuminate\\Pipeline\\Pipeline.php(219): Illuminate\\Http\\Middleware\\ValidatePostSize->handle(Object(Illuminate\\Http\\Request), Object(Closure))\n#20 C:\\laragon\\www\\Projeto_Biblioteca_Digital\\vendor\\laravel\\framework\\src\\Illuminate\\Foundation\\Http\\Middleware\\PreventRequestsDuringMaintenance.php(109): Illuminate\\Pipeline\\Pipeline->{closure:{closure:Illuminate\\Pipeline\\Pipeline::carry():194}:195}(Object(Illuminate\\Http\\Request))\n#21 C:\\laragon\\www\\Projeto_Biblioteca_Digital\\vendor\\laravel\\framework\\src\\Illuminate\\Pipeline\\Pipeline.php(219): Illuminate\\Foundation\\Http\\Middleware\\PreventRequestsDuringMaintenance->handle(Object(Illuminate\\Http\\Request), Object(Closure))\n#22 C:\\laragon\\www\\Projeto_Biblioteca_Digital\\vendor\\laravel\\framework\\src\\Illuminate\\Http\\Middleware\\HandleCors.php(61): Illuminate\\Pipeline\\Pipeline->{closure:{closure:Illuminate\\Pipeline\\Pipeline::carry():194}:195}(Object(Illuminate\\Http\\Request))\n#23 C:\\laragon\\www\\Projeto_Biblioteca_Digital\\vendor\\laravel\\framework\\src\\Illuminate\\Pipeline\\Pipeline.php(219): Illuminate\\Http\\Middleware\\HandleCors->handle(Object(Illuminate\\Http\\Request), Object(Closure))\n#24 C:\\laragon\\www\\Projeto_Biblioteca_Digital\\vendor\\laravel\\framework\\src\\Illuminate\\Http\\Middleware\\TrustProxies.php(58): Illuminate\\Pipeline\\Pipeline->{closure:{closure:Illuminate\\Pipeline\\Pipeline::carry():194}:195}(Object(Illuminate\\Http\\Request))\n#25 C:\\laragon\\www\\Projeto_Biblioteca_Digital\\vendor\\laravel\\framework\\src\\Illuminate\\Pipeline\\Pipeline.php(219): Illuminate\\Http\\Middleware\\TrustProxies->handle(Object(Illuminate\\Http\\Request), Object(Closure))\n#26 C:\\laragon\\www\\Projeto_Biblioteca_Digital\\vendor\\laravel\\framework\\src\\Illuminate\\Foundation\\Http\\Middleware\\InvokeDeferredCallbacks.php(22): Illuminate\\Pipeline\\Pipeline->{closure:{closure:Illuminate\\Pipeline\\Pipeline::carry():194}:195}(Object(Illuminate\\Http\\Request))\n#27 C:\\laragon\\www\\Projeto_Biblioteca_Digital\\vendor\\laravel\\framework\\src\\Illuminate\\Pipeline\\Pipeline.php(219): Illuminate\\Foundation\\Http\\Middleware\\InvokeDeferredCallbacks->handle(Object(Illuminate\\Http\\Request), Object(Closure))\n#28 C:\\laragon\\www\\Projeto_Biblioteca_Digital\\vendor\\laravel\\framework\\src\\Illuminate\\Http\\Middleware\\ValidatePathEncoding.php(28): Illuminate\\Pipeline\\Pipeline->{closure:{closure:Illuminate\\Pipeline\\Pipeline::carry():194}:195}(Object(Illuminate\\Http\\Request))\n#29 C:\\laragon\\www\\Projeto_Biblioteca_Digital\\vendor\\laravel\\framework\\src\\Illuminate\\Pipeline\\Pipeline.php(219): Illuminate\\Http\\Middleware\\ValidatePathEncoding->handle(Object(Illuminate\\Http\\Request), Object(Closure))\n#30 C:\\laragon\\www\\Projeto_Biblioteca_Digital\\vendor\\laravel\\framework\\src\\Illuminate\\Pipeline\\Pipeline.php(137): Illuminate\\Pipeline\\Pipeline->{closure:{closure:Illuminate\\Pipeline\\Pipeline::carry():194}:195}(Object(Illuminate\\Http\\Request))\n#31 C:\\laragon\\www\\Projeto_Biblioteca_Digital\\vendor\\laravel\\framework\\src\\Illuminate\\Foundation\\Http\\Kernel.php(175): Illuminate\\Pipeline\\Pipeline->then(Object(Closure))\n#32 C:\\laragon\\www\\Projeto_Biblioteca_Digital\\vendor\\laravel\\framework\\src\\Illuminate\\Foundation\\Http\\Kernel.php(144): Illuminate\\Foundation\\Http\\Kernel->sendRequestThroughRouter(Object(Illuminate\\Http\\Request))\n#33 C:\\laragon\\www\\Projeto_Biblioteca_Digital\\vendor\\laravel\\framework\\src\\Illuminate\\Foundation\\Testing\\Concerns\\MakesHttpRequests.php(607): Illuminate\\Foundation\\Http\\Kernel->handle(Object(Illuminate\\Http\\Request))\n#34 C:\\laragon\\www\\Projeto_Biblioteca_Digital\\vendor\\laravel\\framework\\src\\Illuminate\\Foundation\\Testing\\Concerns\\MakesHttpRequests.php(487): Illuminate\\Foundation\\Testing\\TestCase->call('DELETE', 'http://localhos..', Array, Array, Array, Array)\n#35 C:\\laragon\\www\\Projeto_Biblioteca_Digital\\tests\\Feature\\BibliotecaTest.php(151): Illuminate\\Foundation\\Testing\\TestCase->delete('http://localhos..')\n#36 C:\\laragon\\www\\Projeto_Biblioteca_Digital\\vendor\\phpunit\\phpunit\\src\\Framework\\TestCase.php(1318): Tests\\Feature\\BibliotecaTest->test_user_cannot_delete_another_users_favorite()\n#37 C:\\laragon\\www\\Projeto_Biblioteca_Digital\\vendor\\phpunit\\phpunit\\src\\Framework\\TestCase.php(1355): PHPUnit\\Framework\\TestCase->invokeTestMethod('test_user_canno..', Array)\n#38 C:\\laragon\\www\\Projeto_Biblioteca_Digital\\vendor\\phpunit\\phpunit\\src\\Framework\\TestCase.php(521): PHPUnit\\Framework\\TestCase->runTest()\n#39 C:\\laragon\\www\\Projeto_Biblioteca_Digital\\vendor\\phpunit\\phpunit\\src\\Framework\\TestRunner\\TestRunner.php(99): PHPUnit\\Framework\\TestCase->runBare()\n#40 C:\\laragon\\www\\Projeto_Biblioteca_Digital\\vendor\\phpunit\\phpunit\\src\\Framework\\TestCase.php(361): PHPUnit\\Framework\\TestRunner->run(Object(Tests\\Feature\\BibliotecaTest))\n#41 C:\\laragon\\www\\Projeto_Biblioteca_Digital\\vendor\\phpunit\\phpunit\\src\\Framework\\TestSuite.php(374): PHPUnit\\Framework\\TestCase->run()\n#42 C:\\laragon\\www\\Projeto_Biblioteca_Digital\\vendor\\phpunit\\phpunit\\src\\Framework\\TestSuite.php(374): PHPUnit\\Framework\\TestSuite->run()\n#43 C:\\laragon\\www\\Projeto_Biblioteca_Digital\\vendor\\phpunit\\phpunit\\src\\Framework\\TestSuite.php(374): PHPUnit\\Framework\\TestSuite->run()\n#44 C:\\laragon\\www\\Projeto_Biblioteca_Digital\\vendor\\phpunit\\phpunit\\src\\TextUI\\TestRunner.php(64): PHPUnit\\Framework\\TestSuite->run()\n#45 C:\\laragon\\www\\Projeto_Biblioteca_Digital\\vendor\\phpunit\\phpunit\\src\\TextUI\\Application.php(229): PHPUnit\\TextUI\\TestRunner->run(Object(PHPUnit\\TextUI\\Configuration\\Configuration), Object(PHPUnit\\Runner\\ResultCache\\DefaultResultCache), Object(PHPUnit\\Framework\\TestSuite))\n#46 C:\\laragon\\www\\Projeto_Biblioteca_Digital\\vendor\\phpunit\\phpunit\\phpunit(104): PHPUnit\\TextUI\\Application->run(Array)\n#47 {main}\n\n----------------------------------------------------------------------------------\n\nsyntax error, unexpected token \"{\", expecting \")\""},{"test":"Tests\\Feature\\BibliotecaTest::test_favorites_page_is_paginated","file":"C:\\laragon\\www\\Projeto_Biblioteca_Digital\\tests\\Feature\\BibliotecaTest.php","line":157,"message":"Expected response status code [200] but received 500.\nFailed asserting that 500 is identical to 200.\r\n\r\nThe following exception occurred during the last request:\n\nParseError: syntax error, unexpected token \"{\", expecting \")\" in C:\\laragon\\www\\Projeto_Biblioteca_Digital\\app\\Http\\Controllers\\FavoriteBookController.php:88\nStack trace:\n#0 C:\\laragon\\www\\Projeto_Biblioteca_Digital\\vendor\\composer\\ClassLoader.php(427): {closure:Composer\\Autoload\\ClassLoader::initializeIncludeClosure():575}('C:\\\\laragon\\\\www\\\\..')\n#1 [internal function]: Composer\\Autoload\\ClassLoader->loadClass('App\\\\Http\\\\Contro..')\n#2 C:\\laragon\\www\\Projeto_Biblioteca_Digital\\vendor\\laravel\\framework\\src\\Illuminate\\Routing\\Route.php(1187): ReflectionClass->__construct('App\\\\Http\\\\Contro..')\n#3 C:\\laragon\\www\\Projeto_Biblioteca_Digital\\vendor\\laravel\\framework\\src\\Illuminate\\Routing\\Route.php(1137): Illuminate\\Routing\\Route->attributeProvidedControllerMiddleware('App\\\\Http\\\\Contro..', 'index')\n#4 C:\\laragon\\www\\Projeto_Biblioteca_Digital\\vendor\\laravel\\framework\\src\\Illuminate\\Routing\\Route.php(1074): Illuminate\\Routing\\Route->controllerMiddleware()\n#5 C:\\laragon\\www\\Projeto_Biblioteca_Digital\\vendor\\laravel\\framework\\src\\Illuminate\\Routing\\Router.php(834): Illuminate\\Routing\\Route->gatherMiddleware()\n#6 C:\\laragon\\www\\Projeto_Biblioteca_Digital\\vendor\\laravel\\framework\\src\\Illuminate\\Routing\\Router.php(816): Illuminate\\Routing\\Router->gatherRouteMiddleware(Object(Illuminate\\Routing\\Route))\n#7 C:\\laragon\\www\\Projeto_Biblioteca_Digital\\vendor\\laravel\\framework\\src\\Illuminate\\Routing\\Router.php(800): Illuminate\\Routing\\Router->runRouteWithinStack(Object(Illuminate\\Routing\\Route), Object(Illuminate\\Http\\Request))\n#8 C:\\laragon\\www\\Projeto_Biblioteca_Digital\\vendor\\laravel\\framework\\src\\Illuminate\\Routing\\Router.php(764): Illuminate\\Routing\\Router->runRoute(Object(Illuminate\\Http\\Request), Object(Illuminate\\Routing\\Route))\n#9 C:\\laragon\\www\\Projeto_Biblioteca_Digital\\vendor\\laravel\\framework\\src\\Illuminate\\Routing\\Router.php(753): Illuminate\\Routing\\Router->dispatchToRoute(Object(Illuminate\\Http\\Request))\n#10 C:\\laragon\\www\\Projeto_Biblioteca_Digital\\vendor\\laravel\\framework\\src\\Illuminate\\Foundation\\Http\\Kernel.php(200): Illuminate\\Routing\\Router->dispatch(Object(Illuminate\\Http\\Request))\n#11 C:\\laragon\\www\\Projeto_Biblioteca_Digital\\vendor\\laravel\\framework\\src\\Illuminate\\Pipeline\\Pipeline.php(180): Illuminate\\Foundation\\Http\\Kernel->{closure:Illuminate\\Foundation\\Http\\Kernel::dispatchToRouter():197}(Object(Illuminate\\Http\\Request))\n#12 C:\\laragon\\www\\Projeto_Biblioteca_Digital\\vendor\\laravel\\framework\\src\\Illuminate\\Foundation\\Http\\Middleware\\TransformsRequest.php(21): Illuminate\\Pipeline\\Pipeline->{closure:Illuminate\\Pipeline\\Pipeline::prepareDestination():178}(Object(Illuminate\\Http\\Request))\n#13 C:\\laragon\\www\\Projeto_Biblioteca_Digital\\vendor\\laravel\\framework\\src\\Illuminate\\Foundation\\Http\\Middleware\\ConvertEmptyStringsToNull.php(31): Illuminate\\Foundation\\Http\\Middleware\\TransformsRequest->handle(Object(Illuminate\\Http\\Request), Object(Closure))\n#14 C:\\laragon\\www\\Projeto_Biblioteca_Digital\\vendor\\laravel\\framework\\src\\Illuminate\\Pipeline\\Pipeline.php(219): Illuminate\\Foundation\\Http\\Middleware\\ConvertEmptyStringsToNull->handle(Object(Illuminate\\Http\\Request), Object(Closure))\n#15 C:\\laragon\\www\\Projeto_Biblioteca_Digital\\vendor\\laravel\\framework\\src\\Illuminate\\Foundation\\Http\\Middleware\\TransformsRequest.php(21): Illuminate\\Pipeline\\Pipeline->{closure:{closure:Illuminate\\Pipeline\\Pipeline::carry():194}:195}(Object(Illuminate\\Http\\Request))\n#16 C:\\laragon\\www\\Projeto_Biblioteca_Digital\\vendor\\laravel\\framework\\src\\Illuminate\\Foundation\\Http\\Middleware\\TrimStrings.php(51): Illuminate\\Foundation\\Http\\Middleware\\TransformsRequest->handle(Object(Illuminate\\Http\\Request), Object(Closure))\n#17 C:\\laragon\\www\\Projeto_Biblioteca_Digital\\vendor\\laravel\\framework\\src\\Illuminate\\Pipeline\\Pipeline.php(219): Illuminate\\Foundation\\Http\\Middleware\\TrimStrings->handle(Object(Illuminate\\Http\\Request), Object(Closure))\n#18 C:\\laragon\\www\\Projeto_Biblioteca_Digital\\vendor\\laravel\\framework\\src\\Illuminate\\Http\\Middleware\\ValidatePostSize.php(27): Illuminate\\Pipeline\\Pipeline->{closure:{closure:Illuminate\\Pipeline\\Pipeline::carry():194}:195}(Object(Illuminate\\Http\\Request))\n#19 C:\\laragon\\www\\Projeto_Biblioteca_Digital\\vendor\\laravel\\framework\\src\\Illuminate\\Pipeline\\Pipeline.php(219): Illuminate\\Http\\Middleware\\ValidatePostSize->handle(Object(Illuminate\\Http\\Request), Object(Closure))\n#20 C:\\laragon\\www\\Projeto_Biblioteca_Digital\\vendor\\laravel\\framework\\src\\Illuminate\\Foundation\\Http\\Middleware\\PreventRequestsDuringMaintenance.php(109): Illuminate\\Pipeline\\Pipeline->{closure:{closure:Illuminate\\Pipeline\\Pipeline::carry():194}:195}(Object(Illuminate\\Http\\Request))\n#21 C:\\laragon\\www\\Projeto_Biblioteca_Digital\\vendor\\laravel\\framework\\src\\Illuminate\\Pipeline\\Pipeline.php(219): Illuminate\\Foundation\\Http\\Middleware\\PreventRequestsDuringMaintenance->handle(Object(Illuminate\\Http\\Request), Object(Closure))\n#22 C:\\laragon\\www\\Projeto_Biblioteca_Digital\\vendor\\laravel\\framework\\src\\Illuminate\\Http\\Middleware\\HandleCors.php(61): Illuminate\\Pipeline\\Pipeline->{closure:{closure:Illuminate\\Pipeline\\Pipeline::carry():194}:195}(Object(Illuminate\\Http\\Request))\n#23 C:\\laragon\\www\\Projeto_Biblioteca_Digital\\vendor\\laravel\\framework\\src\\Illuminate\\Pipeline\\Pipeline.php(219): Illuminate\\Http\\Middleware\\HandleCors->handle(Object(Illuminate\\Http\\Request), Object(Closure))\n#24 C:\\laragon\\www\\Projeto_Biblioteca_Digital\\vendor\\laravel\\framework\\src\\Illuminate\\Http\\Middleware\\TrustProxies.php(58): Illuminate\\Pipeline\\Pipeline->{closure:{closure:Illuminate\\Pipeline\\Pipeline::carry():194}:195}(Object(Illuminate\\Http\\Request))\n#25 C:\\laragon\\www\\Projeto_Biblioteca_Digital\\vendor\\laravel\\framework\\src\\Illuminate\\Pipeline\\Pipeline.php(219): Illuminate\\Http\\Middleware\\TrustProxies->handle(Object(Illuminate\\Http\\Request), Object(Closure))\n#26 C:\\laragon\\www\\Projeto_Biblioteca_Digital\\vendor\\laravel\\framework\\src\\Illuminate\\Foundation\\Http\\Middleware\\InvokeDeferredCallbacks.php(22): Illuminate\\Pipeline\\Pipeline->{closure:{closure:Illuminate\\Pipeline\\Pipeline::carry():194}:195}(Object(Illuminate\\Http\\Request))\n#27 C:\\laragon\\www\\Projeto_Biblioteca_Digital\\vendor\\laravel\\framework\\src\\Illuminate\\Pipeline\\Pipeline.php(219): Illuminate\\Foundation\\Http\\Middleware\\InvokeDeferredCallbacks->handle(Object(Illuminate\\Http\\Request), Object(Closure))\n#28 C:\\laragon\\www\\Projeto_Biblioteca_Digital\\vendor\\laravel\\framework\\src\\Illuminate\\Http\\Middleware\\ValidatePathEncoding.php(28): Illuminate\\Pipeline\\Pipeline->{closure:{closure:Illuminate\\Pipeline\\Pipeline::carry():194}:195}(Object(Illuminate\\Http\\Request))\n#29 C:\\laragon\\www\\Projeto_Biblioteca_Digital\\vendor\\laravel\\framework\\src\\Illuminate\\Pipeline\\Pipeline.php(219): Illuminate\\Http\\Middleware\\ValidatePathEncoding->handle(Object(Illuminate\\Http\\Request), Object(Closure))\n#30 C:\\laragon\\www\\Projeto_Biblioteca_Digital\\vendor\\laravel\\framework\\src\\Illuminate\\Pipeline\\Pipeline.php(137): Illuminate\\Pipeline\\Pipeline->{closure:{closure:Illuminate\\Pipeline\\Pipeline::carry():194}:195}(Object(Illuminate\\Http\\Request))\n#31 C:\\laragon\\www\\Projeto_Biblioteca_Digital\\vendor\\laravel\\framework\\src\\Illuminate\\Foundation\\Http\\Kernel.php(175): Illuminate\\Pipeline\\Pipeline->then(Object(Closure))\n#32 C:\\laragon\\www\\Projeto_Biblioteca_Digital\\vendor\\laravel\\framework\\src\\Illuminate\\Foundation\\Http\\Kernel.php(144): Illuminate\\Foundation\\Http\\Kernel->sendRequestThroughRouter(Object(Illuminate\\Http\\Request))\n#33 C:\\laragon\\www\\Projeto_Biblioteca_Digital\\vendor\\laravel\\framework\\src\\Illuminate\\Foundation\\Testing\\Concerns\\MakesHttpRequests.php(607): Illuminate\\Foundation\\Http\\Kernel->handle(Object(Illuminate\\Http\\Request))\n#34 C:\\laragon\\www\\Projeto_Biblioteca_Digital\\vendor\\laravel\\framework\\src\\Illuminate\\Foundation\\Testing\\Concerns\\MakesHttpRequests.php(368): Illuminate\\Foundation\\Testing\\TestCase->call('GET', 'http://localhos..', Array, Array, Array, Array)\n#35 C:\\laragon\\www\\Projeto_Biblioteca_Digital\\tests\\Feature\\BibliotecaTest.php(164): Illuminate\\Foundation\\Testing\\TestCase->get('http://localhos..')\n#36 C:\\laragon\\www\\Projeto_Biblioteca_Digital\\vendor\\phpunit\\phpunit\\src\\Framework\\TestCase.php(1318): Tests\\Feature\\BibliotecaTest->test_favorites_page_is_paginated()\n#37 C:\\laragon\\www\\Projeto_Biblioteca_Digital\\vendor\\phpunit\\phpunit\\src\\Framework\\TestCase.php(1355): PHPUnit\\Framework\\TestCase->invokeTestMethod('test_favorites_..', Array)\n#38 C:\\laragon\\www\\Projeto_Biblioteca_Digital\\vendor\\phpunit\\phpunit\\src\\Framework\\TestCase.php(521): PHPUnit\\Framework\\TestCase->runTest()\n#39 C:\\laragon\\www\\Projeto_Biblioteca_Digital\\vendor\\phpunit\\phpunit\\src\\Framework\\TestRunner\\TestRunner.php(99): PHPUnit\\Framework\\TestCase->runBare()\n#40 C:\\laragon\\www\\Projeto_Biblioteca_Digital\\vendor\\phpunit\\phpunit\\src\\Framework\\TestCase.php(361): PHPUnit\\Framework\\TestRunner->run(Object(Tests\\Feature\\BibliotecaTest))\n#41 C:\\laragon\\www\\Projeto_Biblioteca_Digital\\vendor\\phpunit\\phpunit\\src\\Framework\\TestSuite.php(374): PHPUnit\\Framework\\TestCase->run()\n#42 C:\\laragon\\www\\Projeto_Biblioteca_Digital\\vendor\\phpunit\\phpunit\\src\\Framework\\TestSuite.php(374): PHPUnit\\Framework\\TestSuite->run()\n#43 C:\\laragon\\www\\Projeto_Biblioteca_Digital\\vendor\\phpunit\\phpunit\\src\\Framework\\TestSuite.php(374): PHPUnit\\Framework\\TestSuite->run()\n#44 C:\\laragon\\www\\Projeto_Biblioteca_Digital\\vendor\\phpunit\\phpunit\\src\\TextUI\\TestRunner.php(64): PHPUnit\\Framework\\TestSuite->run()\n#45 C:\\laragon\\www\\Projeto_Biblioteca_Digital\\vendor\\phpunit\\phpunit\\src\\TextUI\\Application.php(229): PHPUnit\\TextUI\\TestRunner->run(Object(PHPUnit\\TextUI\\Configuration\\Configuration), Object(PHPUnit\\Runner\\ResultCache\\DefaultResultCache), Object(PHPUnit\\Framework\\TestSuite))\n#46 C:\\laragon\\www\\Projeto_Biblioteca_Digital\\vendor\\phpunit\\phpunit\\phpunit(104): PHPUnit\\TextUI\\Application->run(Array)\n#47 {main}\n\n----------------------------------------------------------------------------------\n\nsyntax error, unexpected token \"{\", expecting \")\""},{"test":"Tests\\Feature\\BibliotecaTest::test_favorites_can_be_filtered_by_search_term","file":"C:\\laragon\\www\\Projeto_Biblioteca_Digital\\tests\\Feature\\BibliotecaTest.php","line":170,"message":"Expected response status code [200] but received 500.\nFailed asserting that 500 is identical to 200.\r\n\r\nThe following exception occurred during the last request:\n\nParseError: syntax error, unexpected token \"{\", expecting \")\" in C:\\laragon\\www\\Projeto_Biblioteca_Digital\\app\\Http\\Controllers\\FavoriteBookController.php:88\nStack trace:\n#0 C:\\laragon\\www\\Projeto_Biblioteca_Digital\\vendor\\composer\\ClassLoader.php(427): {closure:Composer\\Autoload\\ClassLoader::initializeIncludeClosure():575}('C:\\\\laragon\\\\www\\\\..')\n#1 [internal function]: Composer\\Autoload\\ClassLoader->loadClass('App\\\\Http\\\\Contro..')\n#2 C:\\laragon\\www\\Projeto_Biblioteca_Digital\\vendor\\laravel\\framework\\src\\Illuminate\\Routing\\Route.php(1187): ReflectionClass->__construct('App\\\\Http\\\\Contro..')\n#3 C:\\laragon\\www\\Projeto_Biblioteca_Digital\\vendor\\laravel\\framework\\src\\Illuminate\\Routing\\Route.php(1137): Illuminate\\Routing\\Route->attributeProvidedControllerMiddleware('App\\\\Http\\\\Contro..', 'index')\n#4 C:\\laragon\\www\\Projeto_Biblioteca_Digital\\vendor\\laravel\\framework\\src\\Illuminate\\Routing\\Route.php(1074): Illuminate\\Routing\\Route->controllerMiddleware()\n#5 C:\\laragon\\www\\Projeto_Biblioteca_Digital\\vendor\\laravel\\framework\\src\\Illuminate\\Routing\\Router.php(834): Illuminate\\Routing\\Route->gatherMiddleware()\n#6 C:\\laragon\\www\\Projeto_Biblioteca_Digital\\vendor\\laravel\\framework\\src\\Illuminate\\Routing\\Router.php(816): Illuminate\\Routing\\Router->gatherRouteMiddleware(Object(Illuminate\\Routing\\Route))\n#7 C:\\laragon\\www\\Projeto_Biblioteca_Digital\\vendor\\laravel\\framework\\src\\Illuminate\\Routing\\Router.php(800): Illuminate\\Routing\\Router->runRouteWithinStack(Object(Illuminate\\Routing\\Route), Object(Illuminate\\Http\\Request))\n#8 C:\\laragon\\www\\Projeto_Biblioteca_Digital\\vendor\\laravel\\framework\\src\\Illuminate\\Routing\\Router.php(764): Illuminate\\Routing\\Router->runRoute(Object(Illuminate\\Http\\Request), Object(Illuminate\\Routing\\Route))\n#9 C:\\laragon\\www\\Projeto_Biblioteca_Digital\\vendor\\laravel\\framework\\src\\Illuminate\\Routing\\Router.php(753): Illuminate\\Routing\\Router->dispatchToRoute(Object(Illuminate\\Http\\Request))\n#10 C:\\laragon\\www\\Projeto_Biblioteca_Digital\\vendor\\laravel\\framework\\src\\Illuminate\\Foundation\\Http\\Kernel.php(200): Illuminate\\Routing\\Router->dispatch(Object(Illuminate\\Http\\Request))\n#11 C:\\laragon\\www\\Projeto_Biblioteca_Digital\\vendor\\laravel\\framework\\src\\Illuminate\\Pipeline\\Pipeline.php(180): Illuminate\\Foundation\\Http\\Kernel->{closure:Illuminate\\Foundation\\Http\\Kernel::dispatchToRouter():197}(Object(Illuminate\\Http\\Request))\n#12 C:\\laragon\\www\\Projeto_Biblioteca_Digital\\vendor\\laravel\\framework\\src\\Illuminate\\Foundation\\Http\\Middleware\\TransformsRequest.php(21): Illuminate\\Pipeline\\Pipeline->{closure:Illuminate\\Pipeline\\Pipeline::prepareDestination():178}(Object(Illuminate\\Http\\Request))\n#13 C:\\laragon\\www\\Projeto_Biblioteca_Digital\\vendor\\laravel\\framework\\src\\Illuminate\\Foundation\\Http\\Middleware\\ConvertEmptyStringsToNull.php(31): Illuminate\\Foundation\\Http\\Middleware\\TransformsRequest->handle(Object(Illuminate\\Http\\Request), Object(Closure))\n#14 C:\\laragon\\www\\Projeto_Biblioteca_Digital\\vendor\\laravel\\framework\\src\\Illuminate\\Pipeline\\Pipeline.php(219): Illuminate\\Foundation\\Http\\Middleware\\ConvertEmptyStringsToNull->handle(Object(Illuminate\\Http\\Request), Object(Closure))\n#15 C:\\laragon\\www\\Projeto_Biblioteca_Digital\\vendor\\laravel\\framework\\src\\Illuminate\\Foundation\\Http\\Middleware\\TransformsRequest.php(21): Illuminate\\Pipeline\\Pipeline->{closure:{closure:Illuminate\\Pipeline\\Pipeline::carry():194}:195}(Object(Illuminate\\Http\\Request))\n#16 C:\\laragon\\www\\Projeto_Biblioteca_Digital\\vendor\\laravel\\framework\\src\\Illuminate\\Foundation\\Http\\Middleware\\TrimStrings.php(51): Illuminate\\Foundation\\Http\\Middleware\\TransformsRequest->handle(Object(Illuminate\\Http\\Request), Object(Closure))\n#17 C:\\laragon\\www\\Projeto_Biblioteca_Digital\\vendor\\laravel\\framework\\src\\Illuminate\\Pipeline\\Pipeline.php(219): Illuminate\\Foundation\\Http\\Middleware\\TrimStrings->handle(Object(Illuminate\\Http\\Request), Object(Closure))\n#18 C:\\laragon\\www\\Projeto_Biblioteca_Digital\\vendor\\laravel\\framework\\src\\Illuminate\\Http\\Middleware\\ValidatePostSize.php(27): Illuminate\\Pipeline\\Pipeline->{closure:{closure:Illuminate\\Pipeline\\Pipeline::carry():194}:195}(Object(Illuminate\\Http\\Request))\n#19 C:\\laragon\\www\\Projeto_Biblioteca_Digital\\vendor\\laravel\\framework\\src\\Illuminate\\Pipeline\\Pipeline.php(219): Illuminate\\Http\\Middleware\\ValidatePostSize->handle(Object(Illuminate\\Http\\Request), Object(Closure))\n#20 C:\\laragon\\www\\Projeto_Biblioteca_Digital\\vendor\\laravel\\framework\\src\\Illuminate\\Foundation\\Http\\Middleware\\PreventRequestsDuringMaintenance.php(109): Illuminate\\Pipeline\\Pipeline->{closure:{closure:Illuminate\\Pipeline\\Pipeline::carry():194}:195}(Object(Illuminate\\Http\\Request))\n#21 C:\\laragon\\www\\Projeto_Biblioteca_Digital\\vendor\\laravel\\framework\\src\\Illuminate\\Pipeline\\Pipeline.php(219): Illuminate\\Foundation\\Http\\Middleware\\PreventRequestsDuringMaintenance->handle(Object(Illuminate\\Http\\Request), Object(Closure))\n#22 C:\\laragon\\www\\Projeto_Biblioteca_Digital\\vendor\\laravel\\framework\\src\\Illuminate\\Http\\Middleware\\HandleCors.php(61): Illuminate\\Pipeline\\Pipeline->{closure:{closure:Illuminate\\Pipeline\\Pipeline::carry():194}:195}(Object(Illuminate\\Http\\Request))\n#23 C:\\laragon\\www\\Projeto_Biblioteca_Digital\\vendor\\laravel\\framework\\src\\Illuminate\\Pipeline\\Pipeline.php(219): Illuminate\\Http\\Middleware\\HandleCors->handle(Object(Illuminate\\Http\\Request), Object(Closure))\n#24 C:\\laragon\\www\\Projeto_Biblioteca_Digital\\vendor\\laravel\\framework\\src\\Illuminate\\Http\\Middleware\\TrustProxies.php(58): Illuminate\\Pipeline\\Pipeline->{closure:{closure:Illuminate\\Pipeline\\Pipeline::carry():194}:195}(Object(Illuminate\\Http\\Request))\n#25 C:\\laragon\\www\\Projeto_Biblioteca_Digital\\vendor\\laravel\\framework\\src\\Illuminate\\Pipeline\\Pipeline.php(219): Illuminate\\Http\\Middleware\\TrustProxies->handle(Object(Illuminate\\Http\\Request), Object(Closure))\n#26 C:\\laragon\\www\\Projeto_Biblioteca_Digital\\vendor\\laravel\\framework\\src\\Illuminate\\Foundation\\Http\\Middleware\\InvokeDeferredCallbacks.php(22): Illuminate\\Pipeline\\Pipeline->{closure:{closure:Illuminate\\Pipeline\\Pipeline::carry():194}:195}(Object(Illuminate\\Http\\Request))\n#27 C:\\laragon\\www\\Projeto_Biblioteca_Digital\\vendor\\laravel\\framework\\src\\Illuminate\\Pipeline\\Pipeline.php(219): Illuminate\\Foundation\\Http\\Middleware\\InvokeDeferredCallbacks->handle(Object(Illuminate\\Http\\Request), Object(Closure))\n#28 C:\\laragon\\www\\Projeto_Biblioteca_Digital\\vendor\\laravel\\framework\\src\\Illuminate\\Http\\Middleware\\ValidatePathEncoding.php(28): Illuminate\\Pipeline\\Pipeline->{closure:{closure:Illuminate\\Pipeline\\Pipeline::carry():194}:195}(Object(Illuminate\\Http\\Request))\n#29 C:\\laragon\\www\\Projeto_Biblioteca_Digital\\vendor\\laravel\\framework\\src\\Illuminate\\Pipeline\\Pipeline.php(219): Illuminate\\Http\\Middleware\\ValidatePathEncoding->handle(Object(Illuminate\\Http\\Request), Object(Closure))\n#30 C:\\laragon\\www\\Projeto_Biblioteca_Digital\\vendor\\laravel\\framework\\src\\Illuminate\\Pipeline\\Pipeline.php(137): Illuminate\\Pipeline\\Pipeline->{closure:{closure:Illuminate\\Pipeline\\Pipeline::carry():194}:195}(Object(Illuminate\\Http\\Request))\n#31 C:\\laragon\\www\\Projeto_Biblioteca_Digital\\vendor\\laravel\\framework\\src\\Illuminate\\Foundation\\Http\\Kernel.php(175): Illuminate\\Pipeline\\Pipeline->then(Object(Closure))\n#32 C:\\laragon\\www\\Projeto_Biblioteca_Digital\\vendor\\laravel\\framework\\src\\Illuminate\\Foundation\\Http\\Kernel.php(144): Illuminate\\Foundation\\Http\\Kernel->sendRequestThroughRouter(Object(Illuminate\\Http\\Request))\n#33 C:\\laragon\\www\\Projeto_Biblioteca_Digital\\vendor\\laravel\\framework\\src\\Illuminate\\Foundation\\Testing\\Concerns\\MakesHttpRequests.php(607): Illuminate\\Foundation\\Http\\Kernel->handle(Object(Illuminate\\Http\\Request))\n#34 C:\\laragon\\www\\Projeto_Biblioteca_Digital\\vendor\\laravel\\framework\\src\\Illuminate\\Foundation\\Testing\\Concerns\\MakesHttpRequests.php(368): Illuminate\\Foundation\\Testing\\TestCase->call('GET', 'http://localhos..', Array, Array, Array, Array)\n#35 C:\\laragon\\www\\Projeto_Biblioteca_Digital\\tests\\Feature\\BibliotecaTest.php(178): Illuminate\\Foundation\\Testing\\TestCase->get('http://localhos..')\n#36 C:\\laragon\\www\\Projeto_Biblioteca_Digital\\vendor\\phpunit\\phpunit\\src\\Framework\\TestCase.php(1318): Tests\\Feature\\BibliotecaTest->test_favorites_can_be_filtered_by_search_term()\n#37 C:\\laragon\\www\\Projeto_Biblioteca_Digital\\vendor\\phpunit\\phpunit\\src\\Framework\\TestCase.php(1355): PHPUnit\\Framework\\TestCase->invokeTestMethod('test_favorites_..', Array)\n#38 C:\\laragon\\www\\Projeto_Biblioteca_Digital\\vendor\\phpunit\\phpunit\\src\\Framework\\TestCase.php(521): PHPUnit\\Framework\\TestCase->runTest()\n#39 C:\\laragon\\www\\Projeto_Biblioteca_Digital\\vendor\\phpunit\\phpunit\\src\\Framework\\TestRunner\\TestRunner.php(99): PHPUnit\\Framework\\TestCase->runBare()\n#40 C:\\laragon\\www\\Projeto_Biblioteca_Digital\\vendor\\phpunit\\phpunit\\src\\Framework\\TestCase.php(361): PHPUnit\\Framework\\TestRunner->run(Object(Tests\\Feature\\BibliotecaTest))\n#41 C:\\laragon\\www\\Projeto_Biblioteca_Digital\\vendor\\phpunit\\phpunit\\src\\Framework\\TestSuite.php(374): PHPUnit\\Framework\\TestCase->run()\n#42 C:\\laragon\\www\\Projeto_Biblioteca_Digital\\vendor\\phpunit\\phpunit\\src\\Framework\\TestSuite.php(374): PHPUnit\\Framework\\TestSuite->run()\n#43 C:\\laragon\\www\\Projeto_Biblioteca_Digital\\vendor\\phpunit\\phpunit\\src\\Framework\\TestSuite.php(374): PHPUnit\\Framework\\TestSuite->run()\n#44 C:\\laragon\\www\\Projeto_Biblioteca_Digital\\vendor\\phpunit\\phpunit\\src\\TextUI\\TestRunner.php(64): PHPUnit\\Framework\\TestSuite->run()\n#45 C:\\laragon\\www\\Projeto_Biblioteca_Digital\\vendor\\phpunit\\phpunit\\src\\TextUI\\Application.php(229): PHPUnit\\TextUI\\TestRunner->run(Object(PHPUnit\\TextUI\\Configuration\\Configuration), Object(PHPUnit\\Runner\\ResultCache\\DefaultResultCache), Object(PHPUnit\\Framework\\TestSuite))\n#46 C:\\laragon\\www\\Projeto_Biblioteca_Digital\\vendor\\phpunit\\phpunit\\phpunit(104): PHPUnit\\TextUI\\Application->run(Array)\n#47 {main}\n\n----------------------------------------------------------------------------------\n\nsyntax error, unexpected token \"{\", expecting \")\""},{"test":"Tests\\Feature\\EdgeCasesTest::test_cannot_save_favorite_without_open_library_id","file":"C:\\laragon\\www\\Projeto_Biblioteca_Digital\\tests\\Feature\\EdgeCasesTest.php","line":145,"message":"Session is missing expected key [errors].\nFailed asserting that false is true.\r\n\r\nThe following exception occurred during the last request:\n\nParseError: syntax error, unexpected token \"{\", expecting \")\" in C:\\laragon\\www\\Projeto_Biblioteca_Digital\\app\\Http\\Controllers\\FavoriteBookController.php:88\nStack trace:\n#0 C:\\laragon\\www\\Projeto_Biblioteca_Digital\\vendor\\composer\\ClassLoader.php(427): {closure:Composer\\Autoload\\ClassLoader::initializeIncludeClosure():575}('C:\\\\laragon\\\\www\\\\..')\n#1 [internal function]: Composer\\Autoload\\ClassLoader->loadClass('App\\\\Http\\\\Contro..')\n#2 C:\\laragon\\www\\Projeto_Biblioteca_Digital\\vendor\\laravel\\framework\\src\\Illuminate\\Routing\\Route.php(1187): ReflectionClass->__construct('App\\\\Http\\\\Contro..')\n#3 C:\\laragon\\www\\Projeto_Biblioteca_Digital\\vendor\\laravel\\framework\\src\\Illuminate\\Routing\\Route.php(1137): Illuminate\\Routing\\Route->attributeProvidedControllerMiddleware('App\\\\Http\\\\Contro..', 'store')\n#4 C:\\laragon\\www\\Projeto_Biblioteca_Digital\\vendor\\laravel\\framework\\src\\Illuminate\\Routing\\Route.php(1074): Illuminate\\Routing\\Route->controllerMiddleware()\n#5 C:\\laragon\\www\\Projeto_Biblioteca_Digital\\vendor\\laravel\\framework\\src\\Illuminate\\Routing\\Router.php(834): Illuminate\\Routing\\Route->gatherMiddleware()\n#6 C:\\laragon\\www\\Projeto_Biblioteca_Digital\\vendor\\laravel\\framework\\src\\Illuminate\\Routing\\Router.php(816): Illuminate\\Routing\\Router->gatherRouteMiddleware(Object(Illuminate\\Routing\\Route))\n#7 C:\\laragon\\www\\Projeto_Biblioteca_Digital\\vendor\\laravel\\framework\\src\\Illuminate\\Routing\\Router.php(800): Illuminate\\Routing\\Router->runRouteWithinStack(Object(Illuminate\\Routing\\Route), Object(Illuminate\\Http\\Request))\n#8 C:\\laragon\\www\\Projeto_Biblioteca_Digital\\vendor\\laravel\\framework\\src\\Illuminate\\Routing\\Router.php(764): Illuminate\\Routing\\Router->runRoute(Object(Illuminate\\Http\\Request), Object(Illuminate\\Routing\\Route))\n#9 C:\\laragon\\www\\Projeto_Biblioteca_Digital\\vendor\\laravel\\framework\\src\\Illuminate\\Routing\\Router.php(753): Illuminate\\Routing\\Router->dispatchToRoute(Object(Illuminate\\Http\\Request))\n#10 C:\\laragon\\www\\Projeto_Biblioteca_Digital\\vendor\\laravel\\framework\\src\\Illuminate\\Foundation\\Http\\Kernel.php(200): Illuminate\\Routing\\Router->dispatch(Object(Illuminate\\Http\\Request))\n#11 C:\\laragon\\www\\Projeto_Biblioteca_Digital\\vendor\\laravel\\framework\\src\\Illuminate\\Pipeline\\Pipeline.php(180): Illuminate\\Foundation\\Http\\Kernel->{closure:Illuminate\\Foundation\\Http\\Kernel::dispatchToRouter():197}(Object(Illuminate\\Http\\Request))\n#12 C:\\laragon\\www\\Projeto_Biblioteca_Digital\\vendor\\laravel\\framework\\src\\Illuminate\\Foundation\\Http\\Middleware\\TransformsRequest.php(21): Illuminate\\Pipeline\\Pipeline->{closure:Illuminate\\Pipeline\\Pipeline::prepareDestination():178}(Object(Illuminate\\Http\\Request))\n#13 C:\\laragon\\www\\Projeto_Biblioteca_Digital\\vendor\\laravel\\framework\\src\\Illuminate\\Foundation\\Http\\Middleware\\ConvertEmptyStringsToNull.php(31): Illuminate\\Foundation\\Http\\Middleware\\TransformsRequest->handle(Object(Illuminate\\Http\\Request), Object(Closure))\n#14 C:\\laragon\\www\\Projeto_Biblioteca_Digital\\vendor\\laravel\\framework\\src\\Illuminate\\Pipeline\\Pipeline.php(219): Illuminate\\Foundation\\Http\\Middleware\\ConvertEmptyStringsToNull->handle(Object(Illuminate\\Http\\Request), Object(Closure))\n#15 C:\\laragon\\www\\Projeto_Biblioteca_Digital\\vendor\\laravel\\framework\\src\\Illuminate\\Foundation\\Http\\Middleware\\TransformsRequest.php(21): Illuminate\\Pipeline\\Pipeline->{closure:{closure:Illuminate\\Pipeline\\Pipeline::carry():194}:195}(Object(Illuminate\\Http\\Request))\n#16 C:\\laragon\\www\\Projeto_Biblioteca_Digital\\vendor\\laravel\\framework\\src\\Illuminate\\Foundation\\Http\\Middleware\\TrimStrings.php(51): Illuminate\\Foundation\\Http\\Middleware\\TransformsRequest->handle(Object(Illuminate\\Http\\Request), Object(Closure))\n#17 C:\\laragon\\www\\Projeto_Biblioteca_Digital\\vendor\\laravel\\framework\\src\\Illuminate\\Pipeline\\Pipeline.php(219): Illuminate\\Foundation\\Http\\Middleware\\TrimStrings->handle(Object(Illuminate\\Http\\Request), Object(Closure))\n#18 C:\\laragon\\www\\Projeto_Biblioteca_Digital\\vendor\\laravel\\framework\\src\\Illuminate\\Http\\Middleware\\ValidatePostSize.php(27): Illuminate\\Pipeline\\Pipeline->{closure:{closure:Illuminate\\Pipeline\\Pipeline::carry():194}:195}(Object(Illuminate\\Http\\Request))\n#19 C:\\laragon\\www\\Projeto_Biblioteca_Digital\\vendor\\laravel\\framework\\src\\Illuminate\\Pipeline\\Pipeline.php(219): Illuminate\\Http\\Middleware\\ValidatePostSize->handle(Object(Illuminate\\Http\\Request), Object(Closure))\n#20 C:\\laragon\\www\\Projeto_Biblioteca_Digital\\vendor\\laravel\\framework\\src\\Illuminate\\Foundation\\Http\\Middleware\\PreventRequestsDuringMaintenance.php(109): Illuminate\\Pipeline\\Pipeline->{closure:{closure:Illuminate\\Pipeline\\Pipeline::carry():194}:195}(Object(Illuminate\\Http\\Request))\n#21 C:\\laragon\\www\\Projeto_Biblioteca_Digital\\vendor\\laravel\\framework\\src\\Illuminate\\Pipeline\\Pipeline.php(219): Illuminate\\Foundation\\Http\\Middleware\\PreventRequestsDuringMaintenance->handle(Object(Illuminate\\Http\\Request), Object(Closure))\n#22 C:\\laragon\\www\\Projeto_Biblioteca_Digital\\vendor\\laravel\\framework\\src\\Illuminate\\Http\\Middleware\\HandleCors.php(61): Illuminate\\Pipeline\\Pipeline->{closure:{closure:Illuminate\\Pipeline\\Pipeline::carry():194}:195}(Object(Illuminate\\Http\\Request))\n#23 C:\\laragon\\www\\Projeto_Biblioteca_Digital\\vendor\\laravel\\framework\\src\\Illuminate\\Pipeline\\Pipeline.php(219): Illuminate\\Http\\Middleware\\HandleCors->handle(Object(Illuminate\\Http\\Request), Object(Closure))\n#24 C:\\laragon\\www\\Projeto_Biblioteca_Digital\\vendor\\laravel\\framework\\src\\Illuminate\\Http\\Middleware\\TrustProxies.php(58): Illuminate\\Pipeline\\Pipeline->{closure:{closure:Illuminate\\Pipeline\\Pipeline::carry():194}:195}(Object(Illuminate\\Http\\Request))\n#25 C:\\laragon\\www\\Projeto_Biblioteca_Digital\\vendor\\laravel\\framework\\src\\Illuminate\\Pipeline\\Pipeline.php(219): Illuminate\\Http\\Middleware\\TrustProxies->handle(Object(Illuminate\\Http\\Request), Object(Closure))\n#26 C:\\laragon\\www\\Projeto_Biblioteca_Digital\\vendor\\laravel\\framework\\src\\Illuminate\\Foundation\\Http\\Middleware\\InvokeDeferredCallbacks.php(22): Illuminate\\Pipeline\\Pipeline->{closure:{closure:Illuminate\\Pipeline\\Pipeline::carry():194}:195}(Object(Illuminate\\Http\\Request))\n#27 C:\\laragon\\www\\Projeto_Biblioteca_Digital\\vendor\\laravel\\framework\\src\\Illuminate\\Pipeline\\Pipeline.php(219): Illuminate\\Foundation\\Http\\Middleware\\InvokeDeferredCallbacks->handle(Object(Illuminate\\Http\\Request), Object(Closure))\n#28 C:\\laragon\\www\\Projeto_Biblioteca_Digital\\vendor\\laravel\\framework\\src\\Illuminate\\Http\\Middleware\\ValidatePathEncoding.php(28): Illuminate\\Pipeline\\Pipeline->{closure:{closure:Illuminate\\Pipeline\\Pipeline::carry():194}:195}(Object(Illuminate\\Http\\Request))\n#29 C:\\laragon\\www\\Projeto_Biblioteca_Digital\\vendor\\laravel\\framework\\src\\Illuminate\\Pipeline\\Pipeline.php(219): Illuminate\\Http\\Middleware\\ValidatePathEncoding->handle(Object(Illuminate\\Http\\Request), Object(Closure))\n#30 C:\\laragon\\www\\Projeto_Biblioteca_Digital\\vendor\\laravel\\framework\\src\\Illuminate\\Pipeline\\Pipeline.php(137): Illuminate\\Pipeline\\Pipeline->{closure:{closure:Illuminate\\Pipeline\\Pipeline::carry():194}:195}(Object(Illuminate\\Http\\Request))\n#31 C:\\laragon\\www\\Projeto_Biblioteca_Digital\\vendor\\laravel\\framework\\src\\Illuminate\\Foundation\\Http\\Kernel.php(175): Illuminate\\Pipeline\\Pipeline->then(Object(Closure))\n#32 C:\\laragon\\www\\Projeto_Biblioteca_Digital\\vendor\\laravel\\framework\\src\\Illuminate\\Foundation\\Http\\Kernel.php(144): Illuminate\\Foundation\\Http\\Kernel->sendRequestThroughRouter(Object(Illuminate\\Http\\Request))\n#33 C:\\laragon\\www\\Projeto_Biblioteca_Digital\\vendor\\laravel\\framework\\src\\Illuminate\\Foundation\\Testing\\Concerns\\MakesHttpRequests.php(607): Illuminate\\Foundation\\Http\\Kernel->handle(Object(Illuminate\\Http\\Request))\n#34 C:\\laragon\\www\\Projeto_Biblioteca_Digital\\vendor\\laravel\\framework\\src\\Illuminate\\Foundation\\Testing\\Concerns\\MakesHttpRequests.php(397): Illuminate\\Foundation\\Testing\\TestCase->call('POST', 'http://localhos..', Array, Array, Array, Array)\n#35 C:\\laragon\\www\\Projeto_Biblioteca_Digital\\tests\\Feature\\EdgeCasesTest.php(149): Illuminate\\Foundation\\Testing\\TestCase->post('http://localhos..', Array)\n#36 C:\\laragon\\www\\Projeto_Biblioteca_Digital\\vendor\\phpunit\\phpunit\\src\\Framework\\TestCase.php(1318): Tests\\Feature\\EdgeCasesTest->test_cannot_save_favorite_without_open_library_id()\n#37 C:\\laragon\\www\\Projeto_Biblioteca_Digital\\vendor\\phpunit\\phpunit\\src\\Framework\\TestCase.php(1355): PHPUnit\\Framework\\TestCase->invokeTestMethod('test_cannot_sav..', Array)\n#38 C:\\laragon\\www\\Projeto_Biblioteca_Digital\\vendor\\phpunit\\phpunit\\src\\Framework\\TestCase.php(521): PHPUnit\\Framework\\TestCase->runTest()\n#39 C:\\laragon\\www\\Projeto_Biblioteca_Digital\\vendor\\phpunit\\phpunit\\src\\Framework\\TestRunner\\TestRunner.php(99): PHPUnit\\Framework\\TestCase->runBare()\n#40 C:\\laragon\\www\\Projeto_Biblioteca_Digital\\vendor\\phpunit\\phpunit\\src\\Framework\\TestCase.php(361): PHPUnit\\Framework\\TestRunner->run(Object(Tests\\Feature\\EdgeCasesTest))\n#41 C:\\laragon\\www\\Projeto_Biblioteca_Digital\\vendor\\phpunit\\phpunit\\src\\Framework\\TestSuite.php(374): PHPUnit\\Framework\\TestCase->run()\n#42 C:\\laragon\\www\\Projeto_Biblioteca_Digital\\vendor\\phpunit\\phpunit\\src\\Framework\\TestSuite.php(374): PHPUnit\\Framework\\TestSuite->run()\n#43 C:\\laragon\\www\\Projeto_Biblioteca_Digital\\vendor\\phpunit\\phpunit\\src\\Framework\\TestSuite.php(374): PHPUnit\\Framework\\TestSuite->run()\n#44 C:\\laragon\\www\\Projeto_Biblioteca_Digital\\vendor\\phpunit\\phpunit\\src\\TextUI\\TestRunner.php(64): PHPUnit\\Framework\\TestSuite->run()\n#45 C:\\laragon\\www\\Projeto_Biblioteca_Digital\\vendor\\phpunit\\phpunit\\src\\TextUI\\Application.php(229): PHPUnit\\TextUI\\TestRunner->run(Object(PHPUnit\\TextUI\\Configuration\\Configuration), Object(PHPUnit\\Runner\\ResultCache\\DefaultResultCache), Object(PHPUnit\\Framework\\TestSuite))\n#46 C:\\laragon\\www\\Projeto_Biblioteca_Digital\\vendor\\phpunit\\phpunit\\phpunit(104): PHPUnit\\TextUI\\Application->run(Array)\n#47 {main}\n\n----------------------------------------------------------------------------------\n\nsyntax error, unexpected token \"{\", expecting \")\""},{"test":"Tests\\Feature\\EdgeCasesTest::test_cannot_save_favorite_without_title","file":"C:\\laragon\\www\\Projeto_Biblioteca_Digital\\tests\\Feature\\EdgeCasesTest.php","line":153,"message":"Session is missing expected key [errors].\nFailed asserting that false is true.\r\n\r\nThe following exception occurred during the last request:\n\nParseError: syntax error, unexpected token \"{\", expecting \")\" in C:\\laragon\\www\\Projeto_Biblioteca_Digital\\app\\Http\\Controllers\\FavoriteBookController.php:88\nStack trace:\n#0 C:\\laragon\\www\\Projeto_Biblioteca_Digital\\vendor\\composer\\ClassLoader.php(427): {closure:Composer\\Autoload\\ClassLoader::initializeIncludeClosure():575}('C:\\\\laragon\\\\www\\\\..')\n#1 [internal function]: Composer\\Autoload\\ClassLoader->loadClass('App\\\\Http\\\\Contro..')\n#2 C:\\laragon\\www\\Projeto_Biblioteca_Digital\\vendor\\laravel\\framework\\src\\Illuminate\\Routing\\Route.php(1187): ReflectionClass->__construct('App\\\\Http\\\\Contro..')\n#3 C:\\laragon\\www\\Projeto_Biblioteca_Digital\\vendor\\laravel\\framework\\src\\Illuminate\\Routing\\Route.php(1137): Illuminate\\Routing\\Route->attributeProvidedControllerMiddleware('App\\\\Http\\\\Contro..', 'store')\n#4 C:\\laragon\\www\\Projeto_Biblioteca_Digital\\vendor\\laravel\\framework\\src\\Illuminate\\Routing\\Route.php(1074): Illuminate\\Routing\\Route->controllerMiddleware()\n#5 C:\\laragon\\www\\Projeto_Biblioteca_Digital\\vendor\\laravel\\framework\\src\\Illuminate\\Routing\\Router.php(834): Illuminate\\Routing\\Route->gatherMiddleware()\n#6 C:\\laragon\\www\\Projeto_Biblioteca_Digital\\vendor\\laravel\\framework\\src\\Illuminate\\Routing\\Router.php(816): Illuminate\\Routing\\Router->gatherRouteMiddleware(Object(Illuminate\\Routing\\Route))\n#7 C:\\laragon\\www\\Projeto_Biblioteca_Digital\\vendor\\laravel\\framework\\src\\Illuminate\\Routing\\Router.php(800): Illuminate\\Routing\\Router->runRouteWithinStack(Object(Illuminate\\Routing\\Route), Object(Illuminate\\Http\\Request))\n#8 C:\\laragon\\www\\Projeto_Biblioteca_Digital\\vendor\\laravel\\framework\\src\\Illuminate\\Routing\\Router.php(764): Illuminate\\Routing\\Router->runRoute(Object(Illuminate\\Http\\Request), Object(Illuminate\\Routing\\Route))\n#9 C:\\laragon\\www\\Projeto_Biblioteca_Digital\\vendor\\laravel\\framework\\src\\Illuminate\\Routing\\Router.php(753): Illuminate\\Routing\\Router->dispatchToRoute(Object(Illuminate\\Http\\Request))\n#10 C:\\laragon\\www\\Projeto_Biblioteca_Digital\\vendor\\laravel\\framework\\src\\Illuminate\\Foundation\\Http\\Kernel.php(200): Illuminate\\Routing\\Router->dispatch(Object(Illuminate\\Http\\Request))\n#11 C:\\laragon\\www\\Projeto_Biblioteca_Digital\\vendor\\laravel\\framework\\src\\Illuminate\\Pipeline\\Pipeline.php(180): Illuminate\\Foundation\\Http\\Kernel->{closure:Illuminate\\Foundation\\Http\\Kernel::dispatchToRouter():197}(Object(Illuminate\\Http\\Request))\n#12 C:\\laragon\\www\\Projeto_Biblioteca_Digital\\vendor\\laravel\\framework\\src\\Illuminate\\Foundation\\Http\\Middleware\\TransformsRequest.php(21): Illuminate\\Pipeline\\Pipeline->{closure:Illuminate\\Pipeline\\Pipeline::prepareDestination():178}(Object(Illuminate\\Http\\Request))\n#13 C:\\laragon\\www\\Projeto_Biblioteca_Digital\\vendor\\laravel\\framework\\src\\Illuminate\\Foundation\\Http\\Middleware\\ConvertEmptyStringsToNull.php(31): Illuminate\\Foundation\\Http\\Middleware\\TransformsRequest->handle(Object(Illuminate\\Http\\Request), Object(Closure))\n#14 C:\\laragon\\www\\Projeto_Biblioteca_Digital\\vendor\\laravel\\framework\\src\\Illuminate\\Pipeline\\Pipeline.php(219): Illuminate\\Foundation\\Http\\Middleware\\ConvertEmptyStringsToNull->handle(Object(Illuminate\\Http\\Request), Object(Closure))\n#15 C:\\laragon\\www\\Projeto_Biblioteca_Digital\\vendor\\laravel\\framework\\src\\Illuminate\\Foundation\\Http\\Middleware\\TransformsRequest.php(21): Illuminate\\Pipeline\\Pipeline->{closure:{closure:Illuminate\\Pipeline\\Pipeline::carry():194}:195}(Object(Illuminate\\Http\\Request))\n#16 C:\\laragon\\www\\Projeto_Biblioteca_Digital\\vendor\\laravel\\framework\\src\\Illuminate\\Foundation\\Http\\Middleware\\TrimStrings.php(51): Illuminate\\Foundation\\Http\\Middleware\\TransformsRequest->handle(Object(Illuminate\\Http\\Request), Object(Closure))\n#17 C:\\laragon\\www\\Projeto_Biblioteca_Digital\\vendor\\laravel\\framework\\src\\Illuminate\\Pipeline\\Pipeline.php(219): Illuminate\\Foundation\\Http\\Middleware\\TrimStrings->handle(Object(Illuminate\\Http\\Request), Object(Closure))\n#18 C:\\laragon\\www\\Projeto_Biblioteca_Digital\\vendor\\laravel\\framework\\src\\Illuminate\\Http\\Middleware\\ValidatePostSize.php(27): Illuminate\\Pipeline\\Pipeline->{closure:{closure:Illuminate\\Pipeline\\Pipeline::carry():194}:195}(Object(Illuminate\\Http\\Request))\n#19 C:\\laragon\\www\\Projeto_Biblioteca_Digital\\vendor\\laravel\\framework\\src\\Illuminate\\Pipeline\\Pipeline.php(219): Illuminate\\Http\\Middleware\\ValidatePostSize->handle(Object(Illuminate\\Http\\Request), Object(Closure))\n#20 C:\\laragon\\www\\Projeto_Biblioteca_Digital\\vendor\\laravel\\framework\\src\\Illuminate\\Foundation\\Http\\Middleware\\PreventRequestsDuringMaintenance.php(109): Illuminate\\Pipeline\\Pipeline->{closure:{closure:Illuminate\\Pipeline\\Pipeline::carry():194}:195}(Object(Illuminate\\Http\\Request))\n#21 C:\\laragon\\www\\Projeto_Biblioteca_Digital\\vendor\\laravel\\framework\\src\\Illuminate\\Pipeline\\Pipeline.php(219): Illuminate\\Foundation\\Http\\Middleware\\PreventRequestsDuringMaintenance->handle(Object(Illuminate\\Http\\Request), Object(Closure))\n#22 C:\\laragon\\www\\Projeto_Biblioteca_Digital\\vendor\\laravel\\framework\\src\\Illuminate\\Http\\Middleware\\HandleCors.php(61): Illuminate\\Pipeline\\Pipeline->{closure:{closure:Illuminate\\Pipeline\\Pipeline::carry():194}:195}(Object(Illuminate\\Http\\Request))\n#23 C:\\laragon\\www\\Projeto_Biblioteca_Digital\\vendor\\laravel\\framework\\src\\Illuminate\\Pipeline\\Pipeline.php(219): Illuminate\\Http\\Middleware\\HandleCors->handle(Object(Illuminate\\Http\\Request), Object(Closure))\n#24 C:\\laragon\\www\\Projeto_Biblioteca_Digital\\vendor\\laravel\\framework\\src\\Illuminate\\Http\\Middleware\\TrustProxies.php(58): Illuminate\\Pipeline\\Pipeline->{closure:{closure:Illuminate\\Pipeline\\Pipeline::carry():194}:195}(Object(Illuminate\\Http\\Request))\n#25 C:\\laragon\\www\\Projeto_Biblioteca_Digital\\vendor\\laravel\\framework\\src\\Illuminate\\Pipeline\\Pipeline.php(219): Illuminate\\Http\\Middleware\\TrustProxies->handle(Object(Illuminate\\Http\\Request), Object(Closure))\n#26 C:\\laragon\\www\\Projeto_Biblioteca_Digital\\vendor\\laravel\\framework\\src\\Illuminate\\Foundation\\Http\\Middleware\\InvokeDeferredCallbacks.php(22): Illuminate\\Pipeline\\Pipeline->{closure:{closure:Illuminate\\Pipeline\\Pipeline::carry():194}:195}(Object(Illuminate\\Http\\Request))\n#27 C:\\laragon\\www\\Projeto_Biblioteca_Digital\\vendor\\laravel\\framework\\src\\Illuminate\\Pipeline\\Pipeline.php(219): Illuminate\\Foundation\\Http\\Middleware\\InvokeDeferredCallbacks->handle(Object(Illuminate\\Http\\Request), Object(Closure))\n#28 C:\\laragon\\www\\Projeto_Biblioteca_Digital\\vendor\\laravel\\framework\\src\\Illuminate\\Http\\Middleware\\ValidatePathEncoding.php(28): Illuminate\\Pipeline\\Pipeline->{closure:{closure:Illuminate\\Pipeline\\Pipeline::carry():194}:195}(Object(Illuminate\\Http\\Request))\n#29 C:\\laragon\\www\\Projeto_Biblioteca_Digital\\vendor\\laravel\\framework\\src\\Illuminate\\Pipeline\\Pipeline.php(219): Illuminate\\Http\\Middleware\\ValidatePathEncoding->handle(Object(Illuminate\\Http\\Request), Object(Closure))\n#30 C:\\laragon\\www\\Projeto_Biblioteca_Digital\\vendor\\laravel\\framework\\src\\Illuminate\\Pipeline\\Pipeline.php(137): Illuminate\\Pipeline\\Pipeline->{closure:{closure:Illuminate\\Pipeline\\Pipeline::carry():194}:195}(Object(Illuminate\\Http\\Request))\n#31 C:\\laragon\\www\\Projeto_Biblioteca_Digital\\vendor\\laravel\\framework\\src\\Illuminate\\Foundation\\Http\\Kernel.php(175): Illuminate\\Pipeline\\Pipeline->then(Object(Closure))\n#32 C:\\laragon\\www\\Projeto_Biblioteca_Digital\\vendor\\laravel\\framework\\src\\Illuminate\\Foundation\\Http\\Kernel.php(144): Illuminate\\Foundation\\Http\\Kernel->sendRequestThroughRouter(Object(Illuminate\\Http\\Request))\n#33 C:\\laragon\\www\\Projeto_Biblioteca_Digital\\vendor\\laravel\\framework\\src\\Illuminate\\Foundation\\Testing\\Concerns\\MakesHttpRequests.php(607): Illuminate\\Foundation\\Http\\Kernel->handle(Object(Illuminate\\Http\\Request))\n#34 C:\\laragon\\www\\Projeto_Biblioteca_Digital\\vendor\\laravel\\framework\\src\\Illuminate\\Foundation\\Testing\\Concerns\\MakesHttpRequests.php(397): Illuminate\\Foundation\\Testing\\TestCase->call('POST', 'http://localhos..', Array, Array, Array, Array)\n#35 C:\\laragon\\www\\Projeto_Biblioteca_Digital\\tests\\Feature\\EdgeCasesTest.php(157): Illuminate\\Foundation\\Testing\\TestCase->post('http://localhos..', Array)\n#36 C:\\laragon\\www\\Projeto_Biblioteca_Digital\\vendor\\phpunit\\phpunit\\src\\Framework\\TestCase.php(1318): Tests\\Feature\\EdgeCasesTest->test_cannot_save_favorite_without_title()\n#37 C:\\laragon\\www\\Projeto_Biblioteca_Digital\\vendor\\phpunit\\phpunit\\src\\Framework\\TestCase.php(1355): PHPUnit\\Framework\\TestCase->invokeTestMethod('test_cannot_sav..', Array)\n#38 C:\\laragon\\www\\Projeto_Biblioteca_Digital\\vendor\\phpunit\\phpunit\\src\\Framework\\TestCase.php(521): PHPUnit\\Framework\\TestCase->runTest()\n#39 C:\\laragon\\www\\Projeto_Biblioteca_Digital\\vendor\\phpunit\\phpunit\\src\\Framework\\TestRunner\\TestRunner.php(99): PHPUnit\\Framework\\TestCase->runBare()\n#40 C:\\laragon\\www\\Projeto_Biblioteca_Digital\\vendor\\phpunit\\phpunit\\src\\Framework\\TestCase.php(361): PHPUnit\\Framework\\TestRunner->run(Object(Tests\\Feature\\EdgeCasesTest))\n#41 C:\\laragon\\www\\Projeto_Biblioteca_Digital\\vendor\\phpunit\\phpunit\\src\\Framework\\TestSuite.php(374): PHPUnit\\Framework\\TestCase->run()\n#42 C:\\laragon\\www\\Projeto_Biblioteca_Digital\\vendor\\phpunit\\phpunit\\src\\Framework\\TestSuite.php(374): PHPUnit\\Framework\\TestSuite->run()\n#43 C:\\laragon\\www\\Projeto_Biblioteca_Digital\\vendor\\phpunit\\phpunit\\src\\Framework\\TestSuite.php(374): PHPUnit\\Framework\\TestSuite->run()\n#44 C:\\laragon\\www\\Projeto_Biblioteca_Digital\\vendor\\phpunit\\phpunit\\src\\TextUI\\TestRunner.php(64): PHPUnit\\Framework\\TestSuite->run()\n#45 C:\\laragon\\www\\Projeto_Biblioteca_Digital\\vendor\\phpunit\\phpunit\\src\\TextUI\\Application.php(229): PHPUnit\\TextUI\\TestRunner->run(Object(PHPUnit\\TextUI\\Configuration\\Configuration), Object(PHPUnit\\Runner\\ResultCache\\DefaultResultCache), Object(PHPUnit\\Framework\\TestSuite))\n#46 C:\\laragon\\www\\Projeto_Biblioteca_Digital\\vendor\\phpunit\\phpunit\\phpunit(104): PHPUnit\\TextUI\\Application->run(Array)\n#47 {main}\n\n----------------------------------------------------------------------------------\n\nsyntax error, unexpected token \"{\", expecting \")\""},{"test":"Tests\\Feature\\EdgeCasesTest::test_cannot_save_favorite_with_invalid_open_library_id_format","file":"C:\\laragon\\www\\Projeto_Biblioteca_Digital\\tests\\Feature\\EdgeCasesTest.php","line":161,"message":"Session is missing expected key [errors].\nFailed asserting that false is true.\r\n\r\nThe following exception occurred during the last request:\n\nParseError: syntax error, unexpected token \"{\", expecting \")\" in C:\\laragon\\www\\Projeto_Biblioteca_Digital\\app\\Http\\Controllers\\FavoriteBookController.php:88\nStack trace:\n#0 C:\\laragon\\www\\Projeto_Biblioteca_Digital\\vendor\\composer\\ClassLoader.php(427): {closure:Composer\\Autoload\\ClassLoader::initializeIncludeClosure():575}('C:\\\\laragon\\\\www\\\\..')\n#1 [internal function]: Composer\\Autoload\\ClassLoader->loadClass('App\\\\Http\\\\Contro..')\n#2 C:\\laragon\\www\\Projeto_Biblioteca_Digital\\vendor\\laravel\\framework\\src\\Illuminate\\Routing\\Route.php(1187): ReflectionClass->__construct('App\\\\Http\\\\Contro..')\n#3 C:\\laragon\\www\\Projeto_Biblioteca_Digital\\vendor\\laravel\\framework\\src\\Illuminate\\Routing\\Route.php(1137): Illuminate\\Routing\\Route->attributeProvidedControllerMiddleware('App\\\\Http\\\\Contro..', 'store')\n#4 C:\\laragon\\www\\Projeto_Biblioteca_Digital\\vendor\\laravel\\framework\\src\\Illuminate\\Routing\\Route.php(1074): Illuminate\\Routing\\Route->controllerMiddleware()\n#5 C:\\laragon\\www\\Projeto_Biblioteca_Digital\\vendor\\laravel\\framework\\src\\Illuminate\\Routing\\Router.php(834): Illuminate\\Routing\\Route->gatherMiddleware()\n#6 C:\\laragon\\www\\Projeto_Biblioteca_Digital\\vendor\\laravel\\framework\\src\\Illuminate\\Routing\\Router.php(816): Illuminate\\Routing\\Router->gatherRouteMiddleware(Object(Illuminate\\Routing\\Route))\n#7 C:\\laragon\\www\\Projeto_Biblioteca_Digital\\vendor\\laravel\\framework\\src\\Illuminate\\Routing\\Router.php(800): Illuminate\\Routing\\Router->runRouteWithinStack(Object(Illuminate\\Routing\\Route), Object(Illuminate\\Http\\Request))\n#8 C:\\laragon\\www\\Projeto_Biblioteca_Digital\\vendor\\laravel\\framework\\src\\Illuminate\\Routing\\Router.php(764): Illuminate\\Routing\\Router->runRoute(Object(Illuminate\\Http\\Request), Object(Illuminate\\Routing\\Route))\n#9 C:\\laragon\\www\\Projeto_Biblioteca_Digital\\vendor\\laravel\\framework\\src\\Illuminate\\Routing\\Router.php(753): Illuminate\\Routing\\Router->dispatchToRoute(Object(Illuminate\\Http\\Request))\n#10 C:\\laragon\\www\\Projeto_Biblioteca_Digital\\vendor\\laravel\\framework\\src\\Illuminate\\Foundation\\Http\\Kernel.php(200): Illuminate\\Routing\\Router->dispatch(Object(Illuminate\\Http\\Request))\n#11 C:\\laragon\\www\\Projeto_Biblioteca_Digital\\vendor\\laravel\\framework\\src\\Illuminate\\Pipeline\\Pipeline.php(180): Illuminate\\Foundation\\Http\\Kernel->{closure:Illuminate\\Foundation\\Http\\Kernel::dispatchToRouter():197}(Object(Illuminate\\Http\\Request))\n#12 C:\\laragon\\www\\Projeto_Biblioteca_Digital\\vendor\\laravel\\framework\\src\\Illuminate\\Foundation\\Http\\Middleware\\TransformsRequest.php(21): Illuminate\\Pipeline\\Pipeline->{closure:Illuminate\\Pipeline\\Pipeline::prepareDestination():178}(Object(Illuminate\\Http\\Request))\n#13 C:\\laragon\\www\\Projeto_Biblioteca_Digital\\vendor\\laravel\\framework\\src\\Illuminate\\Foundation\\Http\\Middleware\\ConvertEmptyStringsToNull.php(31): Illuminate\\Foundation\\Http\\Middleware\\TransformsRequest->handle(Object(Illuminate\\Http\\Request), Object(Closure))\n#14 C:\\laragon\\www\\Projeto_Biblioteca_Digital\\vendor\\laravel\\framework\\src\\Illuminate\\Pipeline\\Pipeline.php(219): Illuminate\\Foundation\\Http\\Middleware\\ConvertEmptyStringsToNull->handle(Object(Illuminate\\Http\\Request), Object(Closure))\n#15 C:\\laragon\\www\\Projeto_Biblioteca_Digital\\vendor\\laravel\\framework\\src\\Illuminate\\Foundation\\Http\\Middleware\\TransformsRequest.php(21): Illuminate\\Pipeline\\Pipeline->{closure:{closure:Illuminate\\Pipeline\\Pipeline::carry():194}:195}(Object(Illuminate\\Http\\Request))\n#16 C:\\laragon\\www\\Projeto_Biblioteca_Digital\\vendor\\laravel\\framework\\src\\Illuminate\\Foundation\\Http\\Middleware\\TrimStrings.php(51): Illuminate\\Foundation\\Http\\Middleware\\TransformsRequest->handle(Object(Illuminate\\Http\\Request), Object(Closure))\n#17 C:\\laragon\\www\\Projeto_Biblioteca_Digital\\vendor\\laravel\\framework\\src\\Illuminate\\Pipeline\\Pipeline.php(219): Illuminate\\Foundation\\Http\\Middleware\\TrimStrings->handle(Object(Illuminate\\Http\\Request), Object(Closure))\n#18 C:\\laragon\\www\\Projeto_Biblioteca_Digital\\vendor\\laravel\\framework\\src\\Illuminate\\Http\\Middleware\\ValidatePostSize.php(27): Illuminate\\Pipeline\\Pipeline->{closure:{closure:Illuminate\\Pipeline\\Pipeline::carry():194}:195}(Object(Illuminate\\Http\\Request))\n#19 C:\\laragon\\www\\Projeto_Biblioteca_Digital\\vendor\\laravel\\framework\\src\\Illuminate\\Pipeline\\Pipeline.php(219): Illuminate\\Http\\Middleware\\ValidatePostSize->handle(Object(Illuminate\\Http\\Request), Object(Closure))\n#20 C:\\laragon\\www\\Projeto_Biblioteca_Digital\\vendor\\laravel\\framework\\src\\Illuminate\\Foundation\\Http\\Middleware\\PreventRequestsDuringMaintenance.php(109): Illuminate\\Pipeline\\Pipeline->{closure:{closure:Illuminate\\Pipeline\\Pipeline::carry():194}:195}(Object(Illuminate\\Http\\Request))\n#21 C:\\laragon\\www\\Projeto_Biblioteca_Digital\\vendor\\laravel\\framework\\src\\Illuminate\\Pipeline\\Pipeline.php(219): Illuminate\\Foundation\\Http\\Middleware\\PreventRequestsDuringMaintenance->handle(Object(Illuminate\\Http\\Request), Object(Closure))\n#22 C:\\laragon\\www\\Projeto_Biblioteca_Digital\\vendor\\laravel\\framework\\src\\Illuminate\\Http\\Middleware\\HandleCors.php(61): Illuminate\\Pipeline\\Pipeline->{closure:{closure:Illuminate\\Pipeline\\Pipeline::carry():194}:195}(Object(Illuminate\\Http\\Request))\n#23 C:\\laragon\\www\\Projeto_Biblioteca_Digital\\vendor\\laravel\\framework\\src\\Illuminate\\Pipeline\\Pipeline.php(219): Illuminate\\Http\\Middleware\\HandleCors->handle(Object(Illuminate\\Http\\Request), Object(Closure))\n#24 C:\\laragon\\www\\Projeto_Biblioteca_Digital\\vendor\\laravel\\framework\\src\\Illuminate\\Http\\Middleware\\TrustProxies.php(58): Illuminate\\Pipeline\\Pipeline->{closure:{closure:Illuminate\\Pipeline\\Pipeline::carry():194}:195}(Object(Illuminate\\Http\\Request))\n#25 C:\\laragon\\www\\Projeto_Biblioteca_Digital\\vendor\\laravel\\framework\\src\\Illuminate\\Pipeline\\Pipeline.php(219): Illuminate\\Http\\Middleware\\TrustProxies->handle(Object(Illuminate\\Http\\Request), Object(Closure))\n#26 C:\\laragon\\www\\Projeto_Biblioteca_Digital\\vendor\\laravel\\framework\\src\\Illuminate\\Foundation\\Http\\Middleware\\InvokeDeferredCallbacks.php(22): Illuminate\\Pipeline\\Pipeline->{closure:{closure:Illuminate\\Pipeline\\Pipeline::carry():194}:195}(Object(Illuminate\\Http\\Request))\n#27 C:\\laragon\\www\\Projeto_Biblioteca_Digital\\vendor\\laravel\\framework\\src\\Illuminate\\Pipeline\\Pipeline.php(219): Illuminate\\Foundation\\Http\\Middleware\\InvokeDeferredCallbacks->handle(Object(Illuminate\\Http\\Request), Object(Closure))\n#28 C:\\laragon\\www\\Projeto_Biblioteca_Digital\\vendor\\laravel\\framework\\src\\Illuminate\\Http\\Middleware\\ValidatePathEncoding.php(28): Illuminate\\Pipeline\\Pipeline->{closure:{closure:Illuminate\\Pipeline\\Pipeline::carry():194}:195}(Object(Illuminate\\Http\\Request))\n#29 C:\\laragon\\www\\Projeto_Biblioteca_Digital\\vendor\\laravel\\framework\\src\\Illuminate\\Pipeline\\Pipeline.php(219): Illuminate\\Http\\Middleware\\ValidatePathEncoding->handle(Object(Illuminate\\Http\\Request), Object(Closure))\n#30 C:\\laragon\\www\\Projeto_Biblioteca_Digital\\vendor\\laravel\\framework\\src\\Illuminate\\Pipeline\\Pipeline.php(137): Illuminate\\Pipeline\\Pipeline->{closure:{closure:Illuminate\\Pipeline\\Pipeline::carry():194}:195}(Object(Illuminate\\Http\\Request))\n#31 C:\\laragon\\www\\Projeto_Biblioteca_Digital\\vendor\\laravel\\framework\\src\\Illuminate\\Foundation\\Http\\Kernel.php(175): Illuminate\\Pipeline\\Pipeline->then(Object(Closure))\n#32 C:\\laragon\\www\\Projeto_Biblioteca_Digital\\vendor\\laravel\\framework\\src\\Illuminate\\Foundation\\Http\\Kernel.php(144): Illuminate\\Foundation\\Http\\Kernel->sendRequestThroughRouter(Object(Illuminate\\Http\\Request))\n#33 C:\\laragon\\www\\Projeto_Biblioteca_Digital\\vendor\\laravel\\framework\\src\\Illuminate\\Foundation\\Testing\\Concerns\\MakesHttpRequests.php(607): Illuminate\\Foundation\\Http\\Kernel->handle(Object(Illuminate\\Http\\Request))\n#34 C:\\laragon\\www\\Projeto_Biblioteca_Digital\\vendor\\laravel\\framework\\src\\Illuminate\\Foundation\\Testing\\Concerns\\MakesHttpRequests.php(397): Illuminate\\Foundation\\Testing\\TestCase->call('POST', 'http://localhos..', Array, Array, Array, Array)\n#35 C:\\laragon\\www\\Projeto_Biblioteca_Digital\\tests\\Feature\\EdgeCasesTest.php(165): Illuminate\\Foundation\\Testing\\TestCase->post('http://localhos..', Array)\n#36 C:\\laragon\\www\\Projeto_Biblioteca_Digital\\vendor\\phpunit\\phpunit\\src\\Framework\\TestCase.php(1318): Tests\\Feature\\EdgeCasesTest->test_cannot_save_favorite_with_invalid_open_library_id_format()\n#37 C:\\laragon\\www\\Projeto_Biblioteca_Digital\\vendor\\phpunit\\phpunit\\src\\Framework\\TestCase.php(1355): PHPUnit\\Framework\\TestCase->invokeTestMethod('test_cannot_sav..', Array)\n#38 C:\\laragon\\www\\Projeto_Biblioteca_Digital\\vendor\\phpunit\\phpunit\\src\\Framework\\TestCase.php(521): PHPUnit\\Framework\\TestCase->runTest()\n#39 C:\\laragon\\www\\Projeto_Biblioteca_Digital\\vendor\\phpunit\\phpunit\\src\\Framework\\TestRunner\\TestRunner.php(99): PHPUnit\\Framework\\TestCase->runBare()\n#40 C:\\laragon\\www\\Projeto_Biblioteca_Digital\\vendor\\phpunit\\phpunit\\src\\Framework\\TestCase.php(361): PHPUnit\\Framework\\TestRunner->run(Object(Tests\\Feature\\EdgeCasesTest))\n#41 C:\\laragon\\www\\Projeto_Biblioteca_Digital\\vendor\\phpunit\\phpunit\\src\\Framework\\TestSuite.php(374): PHPUnit\\Framework\\TestCase->run()\n#42 C:\\laragon\\www\\Projeto_Biblioteca_Digital\\vendor\\phpunit\\phpunit\\src\\Framework\\TestSuite.php(374): PHPUnit\\Framework\\TestSuite->run()\n#43 C:\\laragon\\www\\Projeto_Biblioteca_Digital\\vendor\\phpunit\\phpunit\\src\\Framework\\TestSuite.php(374): PHPUnit\\Framework\\TestSuite->run()\n#44 C:\\laragon\\www\\Projeto_Biblioteca_Digital\\vendor\\phpunit\\phpunit\\src\\TextUI\\TestRunner.php(64): PHPUnit\\Framework\\TestSuite->run()\n#45 C:\\laragon\\www\\Projeto_Biblioteca_Digital\\vendor\\phpunit\\phpunit\\src\\TextUI\\Application.php(229): PHPUnit\\TextUI\\TestRunner->run(Object(PHPUnit\\TextUI\\Configuration\\Configuration), Object(PHPUnit\\Runner\\ResultCache\\DefaultResultCache), Object(PHPUnit\\Framework\\TestSuite))\n#46 C:\\laragon\\www\\Projeto_Biblioteca_Digital\\vendor\\phpunit\\phpunit\\phpunit(104): PHPUnit\\TextUI\\Application->run(Array)\n#47 {main}\n\n----------------------------------------------------------------------------------\n\nsyntax error, unexpected token \"{\", expecting \")\""},{"test":"Tests\\Feature\\EdgeCasesTest::test_cannot_save_favorite_with_invalid_isbn_format","file":"C:\\laragon\\www\\Projeto_Biblioteca_Digital\\tests\\Feature\\EdgeCasesTest.php","line":172,"message":"Session is missing expected key [errors].\nFailed asserting that false is true.\r\n\r\nThe following exception occurred during the last request:\n\nParseError: syntax error, unexpected token \"{\", expecting \")\" in C:\\laragon\\www\\Projeto_Biblioteca_Digital\\app\\Http\\Controllers\\FavoriteBookController.php:88\nStack trace:\n#0 C:\\laragon\\www\\Projeto_Biblioteca_Digital\\vendor\\composer\\ClassLoader.php(427): {closure:Composer\\Autoload\\ClassLoader::initializeIncludeClosure():575}('C:\\\\laragon\\\\www\\\\..')\n#1 [internal function]: Composer\\Autoload\\ClassLoader->loadClass('App\\\\Http\\\\Contro..')\n#2 C:\\laragon\\www\\Projeto_Biblioteca_Digital\\vendor\\laravel\\framework\\src\\Illuminate\\Routing\\Route.php(1187): ReflectionClass->__construct('App\\\\Http\\\\Contro..')\n#3 C:\\laragon\\www\\Projeto_Biblioteca_Digital\\vendor\\laravel\\framework\\src\\Illuminate\\Routing\\Route.php(1137): Illuminate\\Routing\\Route->attributeProvidedControllerMiddleware('App\\\\Http\\\\Contro..', 'store')\n#4 C:\\laragon\\www\\Projeto_Biblioteca_Digital\\vendor\\laravel\\framework\\src\\Illuminate\\Routing\\Route.php(1074): Illuminate\\Routing\\Route->controllerMiddleware()\n#5 C:\\laragon\\www\\Projeto_Biblioteca_Digital\\vendor\\laravel\\framework\\src\\Illuminate\\Routing\\Router.php(834): Illuminate\\Routing\\Route->gatherMiddleware()\n#6 C:\\laragon\\www\\Projeto_Biblioteca_Digital\\vendor\\laravel\\framework\\src\\Illuminate\\Routing\\Router.php(816): Illuminate\\Routing\\Router->gatherRouteMiddleware(Object(Illuminate\\Routing\\Route))\n#7 C:\\laragon\\www\\Projeto_Biblioteca_Digital\\vendor\\laravel\\framework\\src\\Illuminate\\Routing\\Router.php(800): Illuminate\\Routing\\Router->runRouteWithinStack(Object(Illuminate\\Routing\\Route), Object(Illuminate\\Http\\Request))\n#8 C:\\laragon\\www\\Projeto_Biblioteca_Digital\\vendor\\laravel\\framework\\src\\Illuminate\\Routing\\Router.php(764): Illuminate\\Routing\\Router->runRoute(Object(Illuminate\\Http\\Request), Object(Illuminate\\Routing\\Route))\n#9 C:\\laragon\\www\\Projeto_Biblioteca_Digital\\vendor\\laravel\\framework\\src\\Illuminate\\Routing\\Router.php(753): Illuminate\\Routing\\Router->dispatchToRoute(Object(Illuminate\\Http\\Request))\n#10 C:\\laragon\\www\\Projeto_Biblioteca_Digital\\vendor\\laravel\\framework\\src\\Illuminate\\Foundation\\Http\\Kernel.php(200): Illuminate\\Routing\\Router->dispatch(Object(Illuminate\\Http\\Request))\n#11 C:\\laragon\\www\\Projeto_Biblioteca_Digital\\vendor\\laravel\\framework\\src\\Illuminate\\Pipeline\\Pipeline.php(180): Illuminate\\Foundation\\Http\\Kernel->{closure:Illuminate\\Foundation\\Http\\Kernel::dispatchToRouter():197}(Object(Illuminate\\Http\\Request))\n#12 C:\\laragon\\www\\Projeto_Biblioteca_Digital\\vendor\\laravel\\framework\\src\\Illuminate\\Foundation\\Http\\Middleware\\TransformsRequest.php(21): Illuminate\\Pipeline\\Pipeline->{closure:Illuminate\\Pipeline\\Pipeline::prepareDestination():178}(Object(Illuminate\\Http\\Request))\n#13 C:\\laragon\\www\\Projeto_Biblioteca_Digital\\vendor\\laravel\\framework\\src\\Illuminate\\Foundation\\Http\\Middleware\\ConvertEmptyStringsToNull.php(31): Illuminate\\Foundation\\Http\\Middleware\\TransformsRequest->handle(Object(Illuminate\\Http\\Request), Object(Closure))\n#14 C:\\laragon\\www\\Projeto_Biblioteca_Digital\\vendor\\laravel\\framework\\src\\Illuminate\\Pipeline\\Pipeline.php(219): Illuminate\\Foundation\\Http\\Middleware\\ConvertEmptyStringsToNull->handle(Object(Illuminate\\Http\\Request), Object(Closure))\n#15 C:\\laragon\\www\\Projeto_Biblioteca_Digital\\vendor\\laravel\\framework\\src\\Illuminate\\Foundation\\Http\\Middleware\\TransformsRequest.php(21): Illuminate\\Pipeline\\Pipeline->{closure:{closure:Illuminate\\Pipeline\\Pipeline::carry():194}:195}(Object(Illuminate\\Http\\Request))\n#16 C:\\laragon\\www\\Projeto_Biblioteca_Digital\\vendor\\laravel\\framework\\src\\Illuminate\\Foundation\\Http\\Middleware\\TrimStrings.php(51): Illuminate\\Foundation\\Http\\Middleware\\TransformsRequest->handle(Object(Illuminate\\Http\\Request), Object(Closure))\n#17 C:\\laragon\\www\\Projeto_Biblioteca_Digital\\vendor\\laravel\\framework\\src\\Illuminate\\Pipeline\\Pipeline.php(219): Illuminate\\Foundation\\Http\\Middleware\\TrimStrings->handle(Object(Illuminate\\Http\\Request), Object(Closure))\n#18 C:\\laragon\\www\\Projeto_Biblioteca_Digital\\vendor\\laravel\\framework\\src\\Illuminate\\Http\\Middleware\\ValidatePostSize.php(27): Illuminate\\Pipeline\\Pipeline->{closure:{closure:Illuminate\\Pipeline\\Pipeline::carry():194}:195}(Object(Illuminate\\Http\\Request))\n#19 C:\\laragon\\www\\Projeto_Biblioteca_Digital\\vendor\\laravel\\framework\\src\\Illuminate\\Pipeline\\Pipeline.php(219): Illuminate\\Http\\Middleware\\ValidatePostSize->handle(Object(Illuminate\\Http\\Request), Object(Closure))\n#20 C:\\laragon\\www\\Projeto_Biblioteca_Digital\\vendor\\laravel\\framework\\src\\Illuminate\\Foundation\\Http\\Middleware\\PreventRequestsDuringMaintenance.php(109): Illuminate\\Pipeline\\Pipeline->{closure:{closure:Illuminate\\Pipeline\\Pipeline::carry():194}:195}(Object(Illuminate\\Http\\Request))\n#21 C:\\laragon\\www\\Projeto_Biblioteca_Digital\\vendor\\laravel\\framework\\src\\Illuminate\\Pipeline\\Pipeline.php(219): Illuminate\\Foundation\\Http\\Middleware\\PreventRequestsDuringMaintenance->handle(Object(Illuminate\\Http\\Request), Object(Closure))\n#22 C:\\laragon\\www\\Projeto_Biblioteca_Digital\\vendor\\laravel\\framework\\src\\Illuminate\\Http\\Middleware\\HandleCors.php(61): Illuminate\\Pipeline\\Pipeline->{closure:{closure:Illuminate\\Pipeline\\Pipeline::carry():194}:195}(Object(Illuminate\\Http\\Request))\n#23 C:\\laragon\\www\\Projeto_Biblioteca_Digital\\vendor\\laravel\\framework\\src\\Illuminate\\Pipeline\\Pipeline.php(219): Illuminate\\Http\\Middleware\\HandleCors->handle(Object(Illuminate\\Http\\Request), Object(Closure))\n#24 C:\\laragon\\www\\Projeto_Biblioteca_Digital\\vendor\\laravel\\framework\\src\\Illuminate\\Http\\Middleware\\TrustProxies.php(58): Illuminate\\Pipeline\\Pipeline->{closure:{closure:Illuminate\\Pipeline\\Pipeline::carry():194}:195}(Object(Illuminate\\Http\\Request))\n#25 C:\\laragon\\www\\Projeto_Biblioteca_Digital\\vendor\\laravel\\framework\\src\\Illuminate\\Pipeline\\Pipeline.php(219): Illuminate\\Http\\Middleware\\TrustProxies->handle(Object(Illuminate\\Http\\Request), Object(Closure))\n#26 C:\\laragon\\www\\Projeto_Biblioteca_Digital\\vendor\\laravel\\framework\\src\\Illuminate\\Foundation\\Http\\Middleware\\InvokeDeferredCallbacks.php(22): Illuminate\\Pipeline\\Pipeline->{closure:{closure:Illuminate\\Pipeline\\Pipeline::carry():194}:195}(Object(Illuminate\\Http\\Request))\n#27 C:\\laragon\\www\\Projeto_Biblioteca_Digital\\vendor\\laravel\\framework\\src\\Illuminate\\Pipeline\\Pipeline.php(219): Illuminate\\Foundation\\Http\\Middleware\\InvokeDeferredCallbacks->handle(Object(Illuminate\\Http\\Request), Object(Closure))\n#28 C:\\laragon\\www\\Projeto_Biblioteca_Digital\\vendor\\laravel\\framework\\src\\Illuminate\\Http\\Middleware\\ValidatePathEncoding.php(28): Illuminate\\Pipeline\\Pipeline->{closure:{closure:Illuminate\\Pipeline\\Pipeline::carry():194}:195}(Object(Illuminate\\Http\\Request))\n#29 C:\\laragon\\www\\Projeto_Biblioteca_Digital\\vendor\\laravel\\framework\\src\\Illuminate\\Pipeline\\Pipeline.php(219): Illuminate\\Http\\Middleware\\ValidatePathEncoding->handle(Object(Illuminate\\Http\\Request), Object(Closure))\n#30 C:\\laragon\\www\\Projeto_Biblioteca_Digital\\vendor\\laravel\\framework\\src\\Illuminate\\Pipeline\\Pipeline.php(137): Illuminate\\Pipeline\\Pipeline->{closure:{closure:Illuminate\\Pipeline\\Pipeline::carry():194}:195}(Object(Illuminate\\Http\\Request))\n#31 C:\\laragon\\www\\Projeto_Biblioteca_Digital\\vendor\\laravel\\framework\\src\\Illuminate\\Foundation\\Http\\Kernel.php(175): Illuminate\\Pipeline\\Pipeline->then(Object(Closure))\n#32 C:\\laragon\\www\\Projeto_Biblioteca_Digital\\vendor\\laravel\\framework\\src\\Illuminate\\Foundation\\Http\\Kernel.php(144): Illuminate\\Foundation\\Http\\Kernel->sendRequestThroughRouter(Object(Illuminate\\Http\\Request))\n#33 C:\\laragon\\www\\Projeto_Biblioteca_Digital\\vendor\\laravel\\framework\\src\\Illuminate\\Foundation\\Testing\\Concerns\\MakesHttpRequests.php(607): Illuminate\\Foundation\\Http\\Kernel->handle(Object(Illuminate\\Http\\Request))\n#34 C:\\laragon\\www\\Projeto_Biblioteca_Digital\\vendor\\laravel\\framework\\src\\Illuminate\\Foundation\\Testing\\Concerns\\MakesHttpRequests.php(397): Illuminate\\Foundation\\Testing\\TestCase->call('POST', 'http://localhos..', Array, Array, Array, Array)\n#35 C:\\laragon\\www\\Projeto_Biblioteca_Digital\\tests\\Feature\\EdgeCasesTest.php(176): Illuminate\\Foundation\\Testing\\TestCase->post('http://localhos..', Array)\n#36 C:\\laragon\\www\\Projeto_Biblioteca_Digital\\vendor\\phpunit\\phpunit\\src\\Framework\\TestCase.php(1318): Tests\\Feature\\EdgeCasesTest->test_cannot_save_favorite_with_invalid_isbn_format()\n#37 C:\\laragon\\www\\Projeto_Biblioteca_Digital\\vendor\\phpunit\\phpunit\\src\\Framework\\TestCase.php(1355): PHPUnit\\Framework\\TestCase->invokeTestMethod('test_cannot_sav..', Array)\n#38 C:\\laragon\\www\\Projeto_Biblioteca_Digital\\vendor\\phpunit\\phpunit\\src\\Framework\\TestCase.php(521): PHPUnit\\Framework\\TestCase->runTest()\n#39 C:\\laragon\\www\\Projeto_Biblioteca_Digital\\vendor\\phpunit\\phpunit\\src\\Framework\\TestRunner\\TestRunner.php(99): PHPUnit\\Framework\\TestCase->runBare()\n#40 C:\\laragon\\www\\Projeto_Biblioteca_Digital\\vendor\\phpunit\\phpunit\\src\\Framework\\TestCase.php(361): PHPUnit\\Framework\\TestRunner->run(Object(Tests\\Feature\\EdgeCasesTest))\n#41 C:\\laragon\\www\\Projeto_Biblioteca_Digital\\vendor\\phpunit\\phpunit\\src\\Framework\\TestSuite.php(374): PHPUnit\\Framework\\TestCase->run()\n#42 C:\\laragon\\www\\Projeto_Biblioteca_Digital\\vendor\\phpunit\\phpunit\\src\\Framework\\TestSuite.php(374): PHPUnit\\Framework\\TestSuite->run()\n#43 C:\\laragon\\www\\Projeto_Biblioteca_Digital\\vendor\\phpunit\\phpunit\\src\\Framework\\TestSuite.php(374): PHPUnit\\Framework\\TestSuite->run()\n#44 C:\\laragon\\www\\Projeto_Biblioteca_Digital\\vendor\\phpunit\\phpunit\\src\\TextUI\\TestRunner.php(64): PHPUnit\\Framework\\TestSuite->run()\n#45 C:\\laragon\\www\\Projeto_Biblioteca_Digital\\vendor\\phpunit\\phpunit\\src\\TextUI\\Application.php(229): PHPUnit\\TextUI\\TestRunner->run(Object(PHPUnit\\TextUI\\Configuration\\Configuration), Object(PHPUnit\\Runner\\ResultCache\\DefaultResultCache), Object(PHPUnit\\Framework\\TestSuite))\n#46 C:\\laragon\\www\\Projeto_Biblioteca_Digital\\vendor\\phpunit\\phpunit\\phpunit(104): PHPUnit\\TextUI\\Application->run(Array)\n#47 {main}\n\n----------------------------------------------------------------------------------\n\nsyntax error, unexpected token \"{\", expecting \")\""},{"test":"Tests\\Feature\\EdgeCasesTest::test_cover_url_must_use_https_protocol","file":"C:\\laragon\\www\\Projeto_Biblioteca_Digital\\tests\\Feature\\EdgeCasesTest.php","line":184,"message":"Session is missing expected key [errors].\nFailed asserting that false is true.\r\n\r\nThe following exception occurred during the last request:\n\nParseError: syntax error, unexpected token \"{\", expecting \")\" in C:\\laragon\\www\\Projeto_Biblioteca_Digital\\app\\Http\\Controllers\\FavoriteBookController.php:88\nStack trace:\n#0 C:\\laragon\\www\\Projeto_Biblioteca_Digital\\vendor\\composer\\ClassLoader.php(427): {closure:Composer\\Autoload\\ClassLoader::initializeIncludeClosure():575}('C:\\\\laragon\\\\www\\\\..')\n#1 [internal function]: Composer\\Autoload\\ClassLoader->loadClass('App\\\\Http\\\\Contro..')\n#2 C:\\laragon\\www\\Projeto_Biblioteca_Digital\\vendor\\laravel\\framework\\src\\Illuminate\\Routing\\Route.php(1187): ReflectionClass->__construct('App\\\\Http\\\\Contro..')\n#3 C:\\laragon\\www\\Projeto_Biblioteca_Digital\\vendor\\laravel\\framework\\src\\Illuminate\\Routing\\Route.php(1137): Illuminate\\Routing\\Route->attributeProvidedControllerMiddleware('App\\\\Http\\\\Contro..', 'store')\n#4 C:\\laragon\\www\\Projeto_Biblioteca_Digital\\vendor\\laravel\\framework\\src\\Illuminate\\Routing\\Route.php(1074): Illuminate\\Routing\\Route->controllerMiddleware()\n#5 C:\\laragon\\www\\Projeto_Biblioteca_Digital\\vendor\\laravel\\framework\\src\\Illuminate\\Routing\\Router.php(834): Illuminate\\Routing\\Route->gatherMiddleware()\n#6 C:\\laragon\\www\\Projeto_Biblioteca_Digital\\vendor\\laravel\\framework\\src\\Illuminate\\Routing\\Router.php(816): Illuminate\\Routing\\Router->gatherRouteMiddleware(Object(Illuminate\\Routing\\Route))\n#7 C:\\laragon\\www\\Projeto_Biblioteca_Digital\\vendor\\laravel\\framework\\src\\Illuminate\\Routing\\Router.php(800): Illuminate\\Routing\\Router->runRouteWithinStack(Object(Illuminate\\Routing\\Route), Object(Illuminate\\Http\\Request))\n#8 C:\\laragon\\www\\Projeto_Biblioteca_Digital\\vendor\\laravel\\framework\\src\\Illuminate\\Routing\\Router.php(764): Illuminate\\Routing\\Router->runRoute(Object(Illuminate\\Http\\Request), Object(Illuminate\\Routing\\Route))\n#9 C:\\laragon\\www\\Projeto_Biblioteca_Digital\\vendor\\laravel\\framework\\src\\Illuminate\\Routing\\Router.php(753): Illuminate\\Routing\\Router->dispatchToRoute(Object(Illuminate\\Http\\Request))\n#10 C:\\laragon\\www\\Projeto_Biblioteca_Digital\\vendor\\laravel\\framework\\src\\Illuminate\\Foundation\\Http\\Kernel.php(200): Illuminate\\Routing\\Router->dispatch(Object(Illuminate\\Http\\Request))\n#11 C:\\laragon\\www\\Projeto_Biblioteca_Digital\\vendor\\laravel\\framework\\src\\Illuminate\\Pipeline\\Pipeline.php(180): Illuminate\\Foundation\\Http\\Kernel->{closure:Illuminate\\Foundation\\Http\\Kernel::dispatchToRouter():197}(Object(Illuminate\\Http\\Request))\n#12 C:\\laragon\\www\\Projeto_Biblioteca_Digital\\vendor\\laravel\\framework\\src\\Illuminate\\Foundation\\Http\\Middleware\\TransformsRequest.php(21): Illuminate\\Pipeline\\Pipeline->{closure:Illuminate\\Pipeline\\Pipeline::prepareDestination():178}(Object(Illuminate\\Http\\Request))\n#13 C:\\laragon\\www\\Projeto_Biblioteca_Digital\\vendor\\laravel\\framework\\src\\Illuminate\\Foundation\\Http\\Middleware\\ConvertEmptyStringsToNull.php(31): Illuminate\\Foundation\\Http\\Middleware\\TransformsRequest->handle(Object(Illuminate\\Http\\Request), Object(Closure))\n#14 C:\\laragon\\www\\Projeto_Biblioteca_Digital\\vendor\\laravel\\framework\\src\\Illuminate\\Pipeline\\Pipeline.php(219): Illuminate\\Foundation\\Http\\Middleware\\ConvertEmptyStringsToNull->handle(Object(Illuminate\\Http\\Request), Object(Closure))\n#15 C:\\laragon\\www\\Projeto_Biblioteca_Digital\\vendor\\laravel\\framework\\src\\Illuminate\\Foundation\\Http\\Middleware\\TransformsRequest.php(21): Illuminate\\Pipeline\\Pipeline->{closure:{closure:Illuminate\\Pipeline\\Pipeline::carry():194}:195}(Object(Illuminate\\Http\\Request))\n#16 C:\\laragon\\www\\Projeto_Biblioteca_Digital\\vendor\\laravel\\framework\\src\\Illuminate\\Foundation\\Http\\Middleware\\TrimStrings.php(51): Illuminate\\Foundation\\Http\\Middleware\\TransformsRequest->handle(Object(Illuminate\\Http\\Request), Object(Closure))\n#17 C:\\laragon\\www\\Projeto_Biblioteca_Digital\\vendor\\laravel\\framework\\src\\Illuminate\\Pipeline\\Pipeline.php(219): Illuminate\\Foundation\\Http\\Middleware\\TrimStrings->handle(Object(Illuminate\\Http\\Request), Object(Closure))\n#18 C:\\laragon\\www\\Projeto_Biblioteca_Digital\\vendor\\laravel\\framework\\src\\Illuminate\\Http\\Middleware\\ValidatePostSize.php(27): Illuminate\\Pipeline\\Pipeline->{closure:{closure:Illuminate\\Pipeline\\Pipeline::carry():194}:195}(Object(Illuminate\\Http\\Request))\n#19 C:\\laragon\\www\\Projeto_Biblioteca_Digital\\vendor\\laravel\\framework\\src\\Illuminate\\Pipeline\\Pipeline.php(219): Illuminate\\Http\\Middleware\\ValidatePostSize->handle(Object(Illuminate\\Http\\Request), Object(Closure))\n#20 C:\\laragon\\www\\Projeto_Biblioteca_Digital\\vendor\\laravel\\framework\\src\\Illuminate\\Foundation\\Http\\Middleware\\PreventRequestsDuringMaintenance.php(109): Illuminate\\Pipeline\\Pipeline->{closure:{closure:Illuminate\\Pipeline\\Pipeline::carry():194}:195}(Object(Illuminate\\Http\\Request))\n#21 C:\\laragon\\www\\Projeto_Biblioteca_Digital\\vendor\\laravel\\framework\\src\\Illuminate\\Pipeline\\Pipeline.php(219): Illuminate\\Foundation\\Http\\Middleware\\PreventRequestsDuringMaintenance->handle(Object(Illuminate\\Http\\Request), Object(Closure))\n#22 C:\\laragon\\www\\Projeto_Biblioteca_Digital\\vendor\\laravel\\framework\\src\\Illuminate\\Http\\Middleware\\HandleCors.php(61): Illuminate\\Pipeline\\Pipeline->{closure:{closure:Illuminate\\Pipeline\\Pipeline::carry():194}:195}(Object(Illuminate\\Http\\Request))\n#23 C:\\laragon\\www\\Projeto_Biblioteca_Digital\\vendor\\laravel\\framework\\src\\Illuminate\\Pipeline\\Pipeline.php(219): Illuminate\\Http\\Middleware\\HandleCors->handle(Object(Illuminate\\Http\\Request), Object(Closure))\n#24 C:\\laragon\\www\\Projeto_Biblioteca_Digital\\vendor\\laravel\\framework\\src\\Illuminate\\Http\\Middleware\\TrustProxies.php(58): Illuminate\\Pipeline\\Pipeline->{closure:{closure:Illuminate\\Pipeline\\Pipeline::carry():194}:195}(Object(Illuminate\\Http\\Request))\n#25 C:\\laragon\\www\\Projeto_Biblioteca_Digital\\vendor\\laravel\\framework\\src\\Illuminate\\Pipeline\\Pipeline.php(219): Illuminate\\Http\\Middleware\\TrustProxies->handle(Object(Illuminate\\Http\\Request), Object(Closure))\n#26 C:\\laragon\\www\\Projeto_Biblioteca_Digital\\vendor\\laravel\\framework\\src\\Illuminate\\Foundation\\Http\\Middleware\\InvokeDeferredCallbacks.php(22): Illuminate\\Pipeline\\Pipeline->{closure:{closure:Illuminate\\Pipeline\\Pipeline::carry():194}:195}(Object(Illuminate\\Http\\Request))\n#27 C:\\laragon\\www\\Projeto_Biblioteca_Digital\\vendor\\laravel\\framework\\src\\Illuminate\\Pipeline\\Pipeline.php(219): Illuminate\\Foundation\\Http\\Middleware\\InvokeDeferredCallbacks->handle(Object(Illuminate\\Http\\Request), Object(Closure))\n#28 C:\\laragon\\www\\Projeto_Biblioteca_Digital\\vendor\\laravel\\framework\\src\\Illuminate\\Http\\Middleware\\ValidatePathEncoding.php(28): Illuminate\\Pipeline\\Pipeline->{closure:{closure:Illuminate\\Pipeline\\Pipeline::carry():194}:195}(Object(Illuminate\\Http\\Request))\n#29 C:\\laragon\\www\\Projeto_Biblioteca_Digital\\vendor\\laravel\\framework\\src\\Illuminate\\Pipeline\\Pipeline.php(219): Illuminate\\Http\\Middleware\\ValidatePathEncoding->handle(Object(Illuminate\\Http\\Request), Object(Closure))\n#30 C:\\laragon\\www\\Projeto_Biblioteca_Digital\\vendor\\laravel\\framework\\src\\Illuminate\\Pipeline\\Pipeline.php(137): Illuminate\\Pipeline\\Pipeline->{closure:{closure:Illuminate\\Pipeline\\Pipeline::carry():194}:195}(Object(Illuminate\\Http\\Request))\n#31 C:\\laragon\\www\\Projeto_Biblioteca_Digital\\vendor\\laravel\\framework\\src\\Illuminate\\Foundation\\Http\\Kernel.php(175): Illuminate\\Pipeline\\Pipeline->then(Object(Closure))\n#32 C:\\laragon\\www\\Projeto_Biblioteca_Digital\\vendor\\laravel\\framework\\src\\Illuminate\\Foundation\\Http\\Kernel.php(144): Illuminate\\Foundation\\Http\\Kernel->sendRequestThroughRouter(Object(Illuminate\\Http\\Request))\n#33 C:\\laragon\\www\\Projeto_Biblioteca_Digital\\vendor\\laravel\\framework\\src\\Illuminate\\Foundation\\Testing\\Concerns\\MakesHttpRequests.php(607): Illuminate\\Foundation\\Http\\Kernel->handle(Object(Illuminate\\Http\\Request))\n#34 C:\\laragon\\www\\Projeto_Biblioteca_Digital\\vendor\\laravel\\framework\\src\\Illuminate\\Foundation\\Testing\\Concerns\\MakesHttpRequests.php(397): Illuminate\\Foundation\\Testing\\TestCase->call('POST', 'http://localhos..', Array, Array, Array, Array)\n#35 C:\\laragon\\www\\Projeto_Biblioteca_Digital\\tests\\Feature\\EdgeCasesTest.php(188): Illuminate\\Foundation\\Testing\\TestCase->post('http://localhos..', Array)\n#36 C:\\laragon\\www\\Projeto_Biblioteca_Digital\\vendor\\phpunit\\phpunit\\src\\Framework\\TestCase.php(1318): Tests\\Feature\\EdgeCasesTest->test_cover_url_must_use_https_protocol()\n#37 C:\\laragon\\www\\Projeto_Biblioteca_Digital\\vendor\\phpunit\\phpunit\\src\\Framework\\TestCase.php(1355): PHPUnit\\Framework\\TestCase->invokeTestMethod('test_cover_url_..', Array)\n#38 C:\\laragon\\www\\Projeto_Biblioteca_Digital\\vendor\\phpunit\\phpunit\\src\\Framework\\TestCase.php(521): PHPUnit\\Framework\\TestCase->runTest()\n#39 C:\\laragon\\www\\Projeto_Biblioteca_Digital\\vendor\\phpunit\\phpunit\\src\\Framework\\TestRunner\\TestRunner.php(99): PHPUnit\\Framework\\TestCase->runBare()\n#40 C:\\laragon\\www\\Projeto_Biblioteca_Digital\\vendor\\phpunit\\phpunit\\src\\Framework\\TestCase.php(361): PHPUnit\\Framework\\TestRunner->run(Object(Tests\\Feature\\EdgeCasesTest))\n#41 C:\\laragon\\www\\Projeto_Biblioteca_Digital\\vendor\\phpunit\\phpunit\\src\\Framework\\TestSuite.php(374): PHPUnit\\Framework\\TestCase->run()\n#42 C:\\laragon\\www\\Projeto_Biblioteca_Digital\\vendor\\phpunit\\phpunit\\src\\Framework\\TestSuite.php(374): PHPUnit\\Framework\\TestSuite->run()\n#43 C:\\laragon\\www\\Projeto_Biblioteca_Digital\\vendor\\phpunit\\phpunit\\src\\Framework\\TestSuite.php(374): PHPUnit\\Framework\\TestSuite->run()\n#44 C:\\laragon\\www\\Projeto_Biblioteca_Digital\\vendor\\phpunit\\phpunit\\src\\TextUI\\TestRunner.php(64): PHPUnit\\Framework\\TestSuite->run()\n#45 C:\\laragon\\www\\Projeto_Biblioteca_Digital\\vendor\\phpunit\\phpunit\\src\\TextUI\\Application.php(229): PHPUnit\\TextUI\\TestRunner->run(Object(PHPUnit\\TextUI\\Configuration\\Configuration), Object(PHPUnit\\Runner\\ResultCache\\DefaultResultCache), Object(PHPUnit\\Framework\\TestSuite))\n#46 C:\\laragon\\www\\Projeto_Biblioteca_Digital\\vendor\\phpunit\\phpunit\\phpunit(104): PHPUnit\\TextUI\\Application->run(Array)\n#47 {main}\n\n----------------------------------------------------------------------------------\n\nsyntax error, unexpected token \"{\", expecting \")\""},{"test":"Tests\\Feature\\EdgeCasesTest::test_unauthenticated_user_cannot_save_favorites","file":"C:\\laragon\\www\\Projeto_Biblioteca_Digital\\tests\\Feature\\EdgeCasesTest.php","line":203,"message":"Expected response status code [201, 301, 302, 303, 307, 308] but received 500.\nFailed asserting that false is true.\r\n\r\nThe following exception occurred during the last request:\n\nParseError: syntax error, unexpected token \"{\", expecting \")\" in C:\\laragon\\www\\Projeto_Biblioteca_Digital\\app\\Http\\Controllers\\FavoriteBookController.php:88\nStack trace:\n#0 C:\\laragon\\www\\Projeto_Biblioteca_Digital\\vendor\\composer\\ClassLoader.php(427): {closure:Composer\\Autoload\\ClassLoader::initializeIncludeClosure():575}('C:\\\\laragon\\\\www\\\\..')\n#1 [internal function]: Composer\\Autoload\\ClassLoader->loadClass('App\\\\Http\\\\Contro..')\n#2 C:\\laragon\\www\\Projeto_Biblioteca_Digital\\vendor\\laravel\\framework\\src\\Illuminate\\Routing\\Route.php(1187): ReflectionClass->__construct('App\\\\Http\\\\Contro..')\n#3 C:\\laragon\\www\\Projeto_Biblioteca_Digital\\vendor\\laravel\\framework\\src\\Illuminate\\Routing\\Route.php(1137): Illuminate\\Routing\\Route->attributeProvidedControllerMiddleware('App\\\\Http\\\\Contro..', 'store')\n#4 C:\\laragon\\www\\Projeto_Biblioteca_Digital\\vendor\\laravel\\framework\\src\\Illuminate\\Routing\\Route.php(1074): Illuminate\\Routing\\Route->controllerMiddleware()\n#5 C:\\laragon\\www\\Projeto_Biblioteca_Digital\\vendor\\laravel\\framework\\src\\Illuminate\\Routing\\Router.php(834): Illuminate\\Routing\\Route->gatherMiddleware()\n#6 C:\\laragon\\www\\Projeto_Biblioteca_Digital\\vendor\\laravel\\framework\\src\\Illuminate\\Routing\\Router.php(816): Illuminate\\Routing\\Router->gatherRouteMiddleware(Object(Illuminate\\Routing\\Route))\n#7 C:\\laragon\\www\\Projeto_Biblioteca_Digital\\vendor\\laravel\\framework\\src\\Illuminate\\Routing\\Router.php(800): Illuminate\\Routing\\Router->runRouteWithinStack(Object(Illuminate\\Routing\\Route), Object(Illuminate\\Http\\Request))\n#8 C:\\laragon\\www\\Projeto_Biblioteca_Digital\\vendor\\laravel\\framework\\src\\Illuminate\\Routing\\Router.php(764): Illuminate\\Routing\\Router->runRoute(Object(Illuminate\\Http\\Request), Object(Illuminate\\Routing\\Route))\n#9 C:\\laragon\\www\\Projeto_Biblioteca_Digital\\vendor\\laravel\\framework\\src\\Illuminate\\Routing\\Router.php(753): Illuminate\\Routing\\Router->dispatchToRoute(Object(Illuminate\\Http\\Request))\n#10 C:\\laragon\\www\\Projeto_Biblioteca_Digital\\vendor\\laravel\\framework\\src\\Illuminate\\Foundation\\Http\\Kernel.php(200): Illuminate\\Routing\\Router->dispatch(Object(Illuminate\\Http\\Request))\n#11 C:\\laragon\\www\\Projeto_Biblioteca_Digital\\vendor\\laravel\\framework\\src\\Illuminate\\Pipeline\\Pipeline.php(180): Illuminate\\Foundation\\Http\\Kernel->{closure:Illuminate\\Foundation\\Http\\Kernel::dispatchToRouter():197}(Object(Illuminate\\Http\\Request))\n#12 C:\\laragon\\www\\Projeto_Biblioteca_Digital\\vendor\\laravel\\framework\\src\\Illuminate\\Foundation\\Http\\Middleware\\TransformsRequest.php(21): Illuminate\\Pipeline\\Pipeline->{closure:Illuminate\\Pipeline\\Pipeline::prepareDestination():178}(Object(Illuminate\\Http\\Request))\n#13 C:\\laragon\\www\\Projeto_Biblioteca_Digital\\vendor\\laravel\\framework\\src\\Illuminate\\Foundation\\Http\\Middleware\\ConvertEmptyStringsToNull.php(31): Illuminate\\Foundation\\Http\\Middleware\\TransformsRequest->handle(Object(Illuminate\\Http\\Request), Object(Closure))\n#14 C:\\laragon\\www\\Projeto_Biblioteca_Digital\\vendor\\laravel\\framework\\src\\Illuminate\\Pipeline\\Pipeline.php(219): Illuminate\\Foundation\\Http\\Middleware\\ConvertEmptyStringsToNull->handle(Object(Illuminate\\Http\\Request), Object(Closure))\n#15 C:\\laragon\\www\\Projeto_Biblioteca_Digital\\vendor\\laravel\\framework\\src\\Illuminate\\Foundation\\Http\\Middleware\\TransformsRequest.php(21): Illuminate\\Pipeline\\Pipeline->{closure:{closure:Illuminate\\Pipeline\\Pipeline::carry():194}:195}(Object(Illuminate\\Http\\Request))\n#16 C:\\laragon\\www\\Projeto_Biblioteca_Digital\\vendor\\laravel\\framework\\src\\Illuminate\\Foundation\\Http\\Middleware\\TrimStrings.php(51): Illuminate\\Foundation\\Http\\Middleware\\TransformsRequest->handle(Object(Illuminate\\Http\\Request), Object(Closure))\n#17 C:\\laragon\\www\\Projeto_Biblioteca_Digital\\vendor\\laravel\\framework\\src\\Illuminate\\Pipeline\\Pipeline.php(219): Illuminate\\Foundation\\Http\\Middleware\\TrimStrings->handle(Object(Illuminate\\Http\\Request), Object(Closure))\n#18 C:\\laragon\\www\\Projeto_Biblioteca_Digital\\vendor\\laravel\\framework\\src\\Illuminate\\Http\\Middleware\\ValidatePostSize.php(27): Illuminate\\Pipeline\\Pipeline->{closure:{closure:Illuminate\\Pipeline\\Pipeline::carry():194}:195}(Object(Illuminate\\Http\\Request))\n#19 C:\\laragon\\www\\Projeto_Biblioteca_Digital\\vendor\\laravel\\framework\\src\\Illuminate\\Pipeline\\Pipeline.php(219): Illuminate\\Http\\Middleware\\ValidatePostSize->handle(Object(Illuminate\\Http\\Request), Object(Closure))\n#20 C:\\laragon\\www\\Projeto_Biblioteca_Digital\\vendor\\laravel\\framework\\src\\Illuminate\\Foundation\\Http\\Middleware\\PreventRequestsDuringMaintenance.php(109): Illuminate\\Pipeline\\Pipeline->{closure:{closure:Illuminate\\Pipeline\\Pipeline::carry():194}:195}(Object(Illuminate\\Http\\Request))\n#21 C:\\laragon\\www\\Projeto_Biblioteca_Digital\\vendor\\laravel\\framework\\src\\Illuminate\\Pipeline\\Pipeline.php(219): Illuminate\\Foundation\\Http\\Middleware\\PreventRequestsDuringMaintenance->handle(Object(Illuminate\\Http\\Request), Object(Closure))\n#22 C:\\laragon\\www\\Projeto_Biblioteca_Digital\\vendor\\laravel\\framework\\src\\Illuminate\\Http\\Middleware\\HandleCors.php(61): Illuminate\\Pipeline\\Pipeline->{closure:{closure:Illuminate\\Pipeline\\Pipeline::carry():194}:195}(Object(Illuminate\\Http\\Request))\n#23 C:\\laragon\\www\\Projeto_Biblioteca_Digital\\vendor\\laravel\\framework\\src\\Illuminate\\Pipeline\\Pipeline.php(219): Illuminate\\Http\\Middleware\\HandleCors->handle(Object(Illuminate\\Http\\Request), Object(Closure))\n#24 C:\\laragon\\www\\Projeto_Biblioteca_Digital\\vendor\\laravel\\framework\\src\\Illuminate\\Http\\Middleware\\TrustProxies.php(58): Illuminate\\Pipeline\\Pipeline->{closure:{closure:Illuminate\\Pipeline\\Pipeline::carry():194}:195}(Object(Illuminate\\Http\\Request))\n#25 C:\\laragon\\www\\Projeto_Biblioteca_Digital\\vendor\\laravel\\framework\\src\\Illuminate\\Pipeline\\Pipeline.php(219): Illuminate\\Http\\Middleware\\TrustProxies->handle(Object(Illuminate\\Http\\Request), Object(Closure))\n#26 C:\\laragon\\www\\Projeto_Biblioteca_Digital\\vendor\\laravel\\framework\\src\\Illuminate\\Foundation\\Http\\Middleware\\InvokeDeferredCallbacks.php(22): Illuminate\\Pipeline\\Pipeline->{closure:{closure:Illuminate\\Pipeline\\Pipeline::carry():194}:195}(Object(Illuminate\\Http\\Request))\n#27 C:\\laragon\\www\\Projeto_Biblioteca_Digital\\vendor\\laravel\\framework\\src\\Illuminate\\Pipeline\\Pipeline.php(219): Illuminate\\Foundation\\Http\\Middleware\\InvokeDeferredCallbacks->handle(Object(Illuminate\\Http\\Request), Object(Closure))\n#28 C:\\laragon\\www\\Projeto_Biblioteca_Digital\\vendor\\laravel\\framework\\src\\Illuminate\\Http\\Middleware\\ValidatePathEncoding.php(28): Illuminate\\Pipeline\\Pipeline->{closure:{closure:Illuminate\\Pipeline\\Pipeline::carry():194}:195}(Object(Illuminate\\Http\\Request))\n#29 C:\\laragon\\www\\Projeto_Biblioteca_Digital\\vendor\\laravel\\framework\\src\\Illuminate\\Pipeline\\Pipeline.php(219): Illuminate\\Http\\Middleware\\ValidatePathEncoding->handle(Object(Illuminate\\Http\\Request), Object(Closure))\n#30 C:\\laragon\\www\\Projeto_Biblioteca_Digital\\vendor\\laravel\\framework\\src\\Illuminate\\Pipeline\\Pipeline.php(137): Illuminate\\Pipeline\\Pipeline->{closure:{closure:Illuminate\\Pipeline\\Pipeline::carry():194}:195}(Object(Illuminate\\Http\\Request))\n#31 C:\\laragon\\www\\Projeto_Biblioteca_Digital\\vendor\\laravel\\framework\\src\\Illuminate\\Foundation\\Http\\Kernel.php(175): Illuminate\\Pipeline\\Pipeline->then(Object(Closure))\n#32 C:\\laragon\\www\\Projeto_Biblioteca_Digital\\vendor\\laravel\\framework\\src\\Illuminate\\Foundation\\Http\\Kernel.php(144): Illuminate\\Foundation\\Http\\Kernel->sendRequestThroughRouter(Object(Illuminate\\Http\\Request))\n#33 C:\\laragon\\www\\Projeto_Biblioteca_Digital\\vendor\\laravel\\framework\\src\\Illuminate\\Foundation\\Testing\\Concerns\\MakesHttpRequests.php(607): Illuminate\\Foundation\\Http\\Kernel->handle(Object(Illuminate\\Http\\Request))\n#34 C:\\laragon\\www\\Projeto_Biblioteca_Digital\\vendor\\laravel\\framework\\src\\Illuminate\\Foundation\\Testing\\Concerns\\MakesHttpRequests.php(397): Illuminate\\Foundation\\Testing\\TestCase->call('POST', 'http://localhos..', Array, Array, Array, Array)\n#35 C:\\laragon\\www\\Projeto_Biblioteca_Digital\\tests\\Feature\\EdgeCasesTest.php(205): Illuminate\\Foundation\\Testing\\TestCase->post('http://localhos..', Array)\n#36 C:\\laragon\\www\\Projeto_Biblioteca_Digital\\vendor\\phpunit\\phpunit\\src\\Framework\\TestCase.php(1318): Tests\\Feature\\EdgeCasesTest->test_unauthenticated_user_cannot_save_favorites()\n#37 C:\\laragon\\www\\Projeto_Biblioteca_Digital\\vendor\\phpunit\\phpunit\\src\\Framework\\TestCase.php(1355): PHPUnit\\Framework\\TestCase->invokeTestMethod('test_unauthenti..', Array)\n#38 C:\\laragon\\www\\Projeto_Biblioteca_Digital\\vendor\\phpunit\\phpunit\\src\\Framework\\TestCase.php(521): PHPUnit\\Framework\\TestCase->runTest()\n#39 C:\\laragon\\www\\Projeto_Biblioteca_Digital\\vendor\\phpunit\\phpunit\\src\\Framework\\TestRunner\\TestRunner.php(99): PHPUnit\\Framework\\TestCase->runBare()\n#40 C:\\laragon\\www\\Projeto_Biblioteca_Digital\\vendor\\phpunit\\phpunit\\src\\Framework\\TestCase.php(361): PHPUnit\\Framework\\TestRunner->run(Object(Tests\\Feature\\EdgeCasesTest))\n#41 C:\\laragon\\www\\Projeto_Biblioteca_Digital\\vendor\\phpunit\\phpunit\\src\\Framework\\TestSuite.php(374): PHPUnit\\Framework\\TestCase->run()\n#42 C:\\laragon\\www\\Projeto_Biblioteca_Digital\\vendor\\phpunit\\phpunit\\src\\Framework\\TestSuite.php(374): PHPUnit\\Framework\\TestSuite->run()\n#43 C:\\laragon\\www\\Projeto_Biblioteca_Digital\\vendor\\phpunit\\phpunit\\src\\Framework\\TestSuite.php(374): PHPUnit\\Framework\\TestSuite->run()\n#44 C:\\laragon\\www\\Projeto_Biblioteca_Digital\\vendor\\phpunit\\phpunit\\src\\TextUI\\TestRunner.php(64): PHPUnit\\Framework\\TestSuite->run()\n#45 C:\\laragon\\www\\Projeto_Biblioteca_Digital\\vendor\\phpunit\\phpunit\\src\\TextUI\\Application.php(229): PHPUnit\\TextUI\\TestRunner->run(Object(PHPUnit\\TextUI\\Configuration\\Configuration), Object(PHPUnit\\Runner\\ResultCache\\DefaultResultCache), Object(PHPUnit\\Framework\\TestSuite))\n#46 C:\\laragon\\www\\Projeto_Biblioteca_Digital\\vendor\\phpunit\\phpunit\\phpunit(104): PHPUnit\\TextUI\\Application->run(Array)\n#47 {main}\n\n----------------------------------------------------------------------------------\n\nsyntax error, unexpected token \"{\", expecting \")\""},{"test":"Tests\\Feature\\EdgeCasesTest::test_unauthenticated_user_cannot_view_favorites","file":"C:\\laragon\\www\\Projeto_Biblioteca_Digital\\tests\\Feature\\EdgeCasesTest.php","line":211,"message":"Expected response status code [201, 301, 302, 303, 307, 308] but received 500.\nFailed asserting that false is true.\r\n\r\nThe following exception occurred during the last request:\n\nParseError: syntax error, unexpected token \"{\", expecting \")\" in C:\\laragon\\www\\Projeto_Biblioteca_Digital\\app\\Http\\Controllers\\FavoriteBookController.php:88\nStack trace:\n#0 C:\\laragon\\www\\Projeto_Biblioteca_Digital\\vendor\\composer\\ClassLoader.php(427): {closure:Composer\\Autoload\\ClassLoader::initializeIncludeClosure():575}('C:\\\\laragon\\\\www\\\\..')\n#1 [internal function]: Composer\\Autoload\\ClassLoader->loadClass('App\\\\Http\\\\Contro..')\n#2 C:\\laragon\\www\\Projeto_Biblioteca_Digital\\vendor\\laravel\\framework\\src\\Illuminate\\Routing\\Route.php(1187): ReflectionClass->__construct('App\\\\Http\\\\Contro..')\n#3 C:\\laragon\\www\\Projeto_Biblioteca_Digital\\vendor\\laravel\\framework\\src\\Illuminate\\Routing\\Route.php(1137): Illuminate\\Routing\\Route->attributeProvidedControllerMiddleware('App\\\\Http\\\\Contro..', 'index')\n#4 C:\\laragon\\www\\Projeto_Biblioteca_Digital\\vendor\\laravel\\framework\\src\\Illuminate\\Routing\\Route.php(1074): Illuminate\\Routing\\Route->controllerMiddleware()\n#5 C:\\laragon\\www\\Projeto_Biblioteca_Digital\\vendor\\laravel\\framework\\src\\Illuminate\\Routing\\Router.php(834): Illuminate\\Routing\\Route->gatherMiddleware()\n#6 C:\\laragon\\www\\Projeto_Biblioteca_Digital\\vendor\\laravel\\framework\\src\\Illuminate\\Routing\\Router.php(816): Illuminate\\Routing\\Router->gatherRouteMiddleware(Object(Illuminate\\Routing\\Route))\n#7 C:\\laragon\\www\\Projeto_Biblioteca_Digital\\vendor\\laravel\\framework\\src\\Illuminate\\Routing\\Router.php(800): Illuminate\\Routing\\Router->runRouteWithinStack(Object(Illuminate\\Routing\\Route), Object(Illuminate\\Http\\Request))\n#8 C:\\laragon\\www\\Projeto_Biblioteca_Digital\\vendor\\laravel\\framework\\src\\Illuminate\\Routing\\Router.php(764): Illuminate\\Routing\\Router->runRoute(Object(Illuminate\\Http\\Request), Object(Illuminate\\Routing\\Route))\n#9 C:\\laragon\\www\\Projeto_Biblioteca_Digital\\vendor\\laravel\\framework\\src\\Illuminate\\Routing\\Router.php(753): Illuminate\\Routing\\Router->dispatchToRoute(Object(Illuminate\\Http\\Request))\n#10 C:\\laragon\\www\\Projeto_Biblioteca_Digital\\vendor\\laravel\\framework\\src\\Illuminate\\Foundation\\Http\\Kernel.php(200): Illuminate\\Routing\\Router->dispatch(Object(Illuminate\\Http\\Request))\n#11 C:\\laragon\\www\\Projeto_Biblioteca_Digital\\vendor\\laravel\\framework\\src\\Illuminate\\Pipeline\\Pipeline.php(180): Illuminate\\Foundation\\Http\\Kernel->{closure:Illuminate\\Foundation\\Http\\Kernel::dispatchToRouter():197}(Object(Illuminate\\Http\\Request))\n#12 C:\\laragon\\www\\Projeto_Biblioteca_Digital\\vendor\\laravel\\framework\\src\\Illuminate\\Foundation\\Http\\Middleware\\TransformsRequest.php(21): Illuminate\\Pipeline\\Pipeline->{closure:Illuminate\\Pipeline\\Pipeline::prepareDestination():178}(Object(Illuminate\\Http\\Request))\n#13 C:\\laragon\\www\\Projeto_Biblioteca_Digital\\vendor\\laravel\\framework\\src\\Illuminate\\Foundation\\Http\\Middleware\\ConvertEmptyStringsToNull.php(31): Illuminate\\Foundation\\Http\\Middleware\\TransformsRequest->handle(Object(Illuminate\\Http\\Request), Object(Closure))\n#14 C:\\laragon\\www\\Projeto_Biblioteca_Digital\\vendor\\laravel\\framework\\src\\Illuminate\\Pipeline\\Pipeline.php(219): Illuminate\\Foundation\\Http\\Middleware\\ConvertEmptyStringsToNull->handle(Object(Illuminate\\Http\\Request), Object(Closure))\n#15 C:\\laragon\\www\\Projeto_Biblioteca_Digital\\vendor\\laravel\\framework\\src\\Illuminate\\Foundation\\Http\\Middleware\\TransformsRequest.php(21): Illuminate\\Pipeline\\Pipeline->{closure:{closure:Illuminate\\Pipeline\\Pipeline::carry():194}:195}(Object(Illuminate\\Http\\Request))\n#16 C:\\laragon\\www\\Projeto_Biblioteca_Digital\\vendor\\laravel\\framework\\src\\Illuminate\\Foundation\\Http\\Middleware\\TrimStrings.php(51): Illuminate\\Foundation\\Http\\Middleware\\TransformsRequest->handle(Object(Illuminate\\Http\\Request), Object(Closure))\n#17 C:\\laragon\\www\\Projeto_Biblioteca_Digital\\vendor\\laravel\\framework\\src\\Illuminate\\Pipeline\\Pipeline.php(219): Illuminate\\Foundation\\Http\\Middleware\\TrimStrings->handle(Object(Illuminate\\Http\\Request), Object(Closure))\n#18 C:\\laragon\\www\\Projeto_Biblioteca_Digital\\vendor\\laravel\\framework\\src\\Illuminate\\Http\\Middleware\\ValidatePostSize.php(27): Illuminate\\Pipeline\\Pipeline->{closure:{closure:Illuminate\\Pipeline\\Pipeline::carry():194}:195}(Object(Illuminate\\Http\\Request))\n#19 C:\\laragon\\www\\Projeto_Biblioteca_Digital\\vendor\\laravel\\framework\\src\\Illuminate\\Pipeline\\Pipeline.php(219): Illuminate\\Http\\Middleware\\ValidatePostSize->handle(Object(Illuminate\\Http\\Request), Object(Closure))\n#20 C:\\laragon\\www\\Projeto_Biblioteca_Digital\\vendor\\laravel\\framework\\src\\Illuminate\\Foundation\\Http\\Middleware\\PreventRequestsDuringMaintenance.php(109): Illuminate\\Pipeline\\Pipeline->{closure:{closure:Illuminate\\Pipeline\\Pipeline::carry():194}:195}(Object(Illuminate\\Http\\Request))\n#21 C:\\laragon\\www\\Projeto_Biblioteca_Digital\\vendor\\laravel\\framework\\src\\Illuminate\\Pipeline\\Pipeline.php(219): Illuminate\\Foundation\\Http\\Middleware\\PreventRequestsDuringMaintenance->handle(Object(Illuminate\\Http\\Request), Object(Closure))\n#22 C:\\laragon\\www\\Projeto_Biblioteca_Digital\\vendor\\laravel\\framework\\src\\Illuminate\\Http\\Middleware\\HandleCors.php(61): Illuminate\\Pipeline\\Pipeline->{closure:{closure:Illuminate\\Pipeline\\Pipeline::carry():194}:195}(Object(Illuminate\\Http\\Request))\n#23 C:\\laragon\\www\\Projeto_Biblioteca_Digital\\vendor\\laravel\\framework\\src\\Illuminate\\Pipeline\\Pipeline.php(219): Illuminate\\Http\\Middleware\\HandleCors->handle(Object(Illuminate\\Http\\Request), Object(Closure))\n#24 C:\\laragon\\www\\Projeto_Biblioteca_Digital\\vendor\\laravel\\framework\\src\\Illuminate\\Http\\Middleware\\TrustProxies.php(58): Illuminate\\Pipeline\\Pipeline->{closure:{closure:Illuminate\\Pipeline\\Pipeline::carry():194}:195}(Object(Illuminate\\Http\\Request))\n#25 C:\\laragon\\www\\Projeto_Biblioteca_Digital\\vendor\\laravel\\framework\\src\\Illuminate\\Pipeline\\Pipeline.php(219): Illuminate\\Http\\Middleware\\TrustProxies->handle(Object(Illuminate\\Http\\Request), Object(Closure))\n#26 C:\\laragon\\www\\Projeto_Biblioteca_Digital\\vendor\\laravel\\framework\\src\\Illuminate\\Foundation\\Http\\Middleware\\InvokeDeferredCallbacks.php(22): Illuminate\\Pipeline\\Pipeline->{closure:{closure:Illuminate\\Pipeline\\Pipeline::carry():194}:195}(Object(Illuminate\\Http\\Request))\n#27 C:\\laragon\\www\\Projeto_Biblioteca_Digital\\vendor\\laravel\\framework\\src\\Illuminate\\Pipeline\\Pipeline.php(219): Illuminate\\Foundation\\Http\\Middleware\\InvokeDeferredCallbacks->handle(Object(Illuminate\\Http\\Request), Object(Closure))\n#28 C:\\laragon\\www\\Projeto_Biblioteca_Digital\\vendor\\laravel\\framework\\src\\Illuminate\\Http\\Middleware\\ValidatePathEncoding.php(28): Illuminate\\Pipeline\\Pipeline->{closure:{closure:Illuminate\\Pipeline\\Pipeline::carry():194}:195}(Object(Illuminate\\Http\\Request))\n#29 C:\\laragon\\www\\Projeto_Biblioteca_Digital\\vendor\\laravel\\framework\\src\\Illuminate\\Pipeline\\Pipeline.php(219): Illuminate\\Http\\Middleware\\ValidatePathEncoding->handle(Object(Illuminate\\Http\\Request), Object(Closure))\n#30 C:\\laragon\\www\\Projeto_Biblioteca_Digital\\vendor\\laravel\\framework\\src\\Illuminate\\Pipeline\\Pipeline.php(137): Illuminate\\Pipeline\\Pipeline->{closure:{closure:Illuminate\\Pipeline\\Pipeline::carry():194}:195}(Object(Illuminate\\Http\\Request))\n#31 C:\\laragon\\www\\Projeto_Biblioteca_Digital\\vendor\\laravel\\framework\\src\\Illuminate\\Foundation\\Http\\Kernel.php(175): Illuminate\\Pipeline\\Pipeline->then(Object(Closure))\n#32 C:\\laragon\\www\\Projeto_Biblioteca_Digital\\vendor\\laravel\\framework\\src\\Illuminate\\Foundation\\Http\\Kernel.php(144): Illuminate\\Foundation\\Http\\Kernel->sendRequestThroughRouter(Object(Illuminate\\Http\\Request))\n#33 C:\\laragon\\www\\Projeto_Biblioteca_Digital\\vendor\\laravel\\framework\\src\\Illuminate\\Foundation\\Testing\\Concerns\\MakesHttpRequests.php(607): Illuminate\\Foundation\\Http\\Kernel->handle(Object(Illuminate\\Http\\Request))\n#34 C:\\laragon\\www\\Projeto_Biblioteca_Digital\\vendor\\laravel\\framework\\src\\Illuminate\\Foundation\\Testing\\Concerns\\MakesHttpRequests.php(368): Illuminate\\Foundation\\Testing\\TestCase->call('GET', 'http://localhos..', Array, Array, Array, Array)\n#35 C:\\laragon\\www\\Projeto_Biblioteca_Digital\\tests\\Feature\\EdgeCasesTest.php(213): Illuminate\\Foundation\\Testing\\TestCase->get('http://localhos..')\n#36 C:\\laragon\\www\\Projeto_Biblioteca_Digital\\vendor\\phpunit\\phpunit\\src\\Framework\\TestCase.php(1318): Tests\\Feature\\EdgeCasesTest->test_unauthenticated_user_cannot_view_favorites()\n#37 C:\\laragon\\www\\Projeto_Biblioteca_Digital\\vendor\\phpunit\\phpunit\\src\\Framework\\TestCase.php(1355): PHPUnit\\Framework\\TestCase->invokeTestMethod('test_unauthenti..', Array)\n#38 C:\\laragon\\www\\Projeto_Biblioteca_Digital\\vendor\\phpunit\\phpunit\\src\\Framework\\TestCase.php(521): PHPUnit\\Framework\\TestCase->runTest()\n#39 C:\\laragon\\www\\Projeto_Biblioteca_Digital\\vendor\\phpunit\\phpunit\\src\\Framework\\TestRunner\\TestRunner.php(99): PHPUnit\\Framework\\TestCase->runBare()\n#40 C:\\laragon\\www\\Projeto_Biblioteca_Digital\\vendor\\phpunit\\phpunit\\src\\Framework\\TestCase.php(361): PHPUnit\\Framework\\TestRunner->run(Object(Tests\\Feature\\EdgeCasesTest))\n#41 C:\\laragon\\www\\Projeto_Biblioteca_Digital\\vendor\\phpunit\\phpunit\\src\\Framework\\TestSuite.php(374): PHPUnit\\Framework\\TestCase->run()\n#42 C:\\laragon\\www\\Projeto_Biblioteca_Digital\\vendor\\phpunit\\phpunit\\src\\Framework\\TestSuite.php(374): PHPUnit\\Framework\\TestSuite->run()\n#43 C:\\laragon\\www\\Projeto_Biblioteca_Digital\\vendor\\phpunit\\phpunit\\src\\Framework\\TestSuite.php(374): PHPUnit\\Framework\\TestSuite->run()\n#44 C:\\laragon\\www\\Projeto_Biblioteca_Digital\\vendor\\phpunit\\phpunit\\src\\TextUI\\TestRunner.php(64): PHPUnit\\Framework\\TestSuite->run()\n#45 C:\\laragon\\www\\Projeto_Biblioteca_Digital\\vendor\\phpunit\\phpunit\\src\\TextUI\\Application.php(229): PHPUnit\\TextUI\\TestRunner->run(Object(PHPUnit\\TextUI\\Configuration\\Configuration), Object(PHPUnit\\Runner\\ResultCache\\DefaultResultCache), Object(PHPUnit\\Framework\\TestSuite))\n#46 C:\\laragon\\www\\Projeto_Biblioteca_Digital\\vendor\\phpunit\\phpunit\\phpunit(104): PHPUnit\\TextUI\\Application->run(Array)\n#47 {main}\n\n----------------------------------------------------------------------------------\n\nsyntax error, unexpected token \"{\", expecting \")\""},{"test":"Tests\\Feature\\ProfileTest::test_profile_page_is_displayed","file":"C:\\laragon\\www\\Projeto_Biblioteca_Digital\\tests\\Feature\\ProfileTest.php","line":13,"message":"Expected response status code [200] but received 404.\nFailed asserting that 404 is identical to 200."},{"test":"Tests\\Feature\\ProfileTest::test_profile_information_can_be_updated","file":"C:\\laragon\\www\\Projeto_Biblioteca_Digital\\tests\\Feature\\ProfileTest.php","line":24,"message":"Expected response status code [201, 301, 302, 303, 307, 308] but received 404.\nFailed asserting that false is true."},{"test":"Tests\\Feature\\ProfileTest::test_email_verification_status_is_unchanged_when_the_email_address_is_unchanged","file":"C:\\laragon\\www\\Projeto_Biblioteca_Digital\\tests\\Feature\\ProfileTest.php","line":46,"message":"Expected response status code [201, 301, 302, 303, 307, 308] but received 404.\nFailed asserting that false is true."},{"test":"Tests\\Feature\\ProfileTest::test_user_can_delete_their_account","file":"C:\\laragon\\www\\Projeto_Biblioteca_Digital\\tests\\Feature\\ProfileTest.php","line":64,"message":"Expected response status code [201, 301, 302, 303, 307, 308] but received 404.\nFailed asserting that false is true."},{"test":"Tests\\Feature\\ProfileTest::test_correct_password_must_be_provided_to_delete_account","file":"C:\\laragon\\www\\Projeto_Biblioteca_Digital\\tests\\Feature\\ProfileTest.php","line":82,"message":"Session is missing expected key [errors].\nFailed asserting that false is true."}],"errors":4,"error_details":[{"test":"Tests\\Unit\\OpenLibraryServiceTest::test_handles_missing_author_field","file":"C:\\laragon\\www\\Projeto_Biblioteca_Digital\\tests\\Unit\\OpenLibraryServiceTest.php","line":82,"message":"Trying to access array offset on null"},{"test":"Tests\\Unit\\OpenLibraryServiceTest::test_handles_missing_isbn","file":"C:\\laragon\\www\\Projeto_Biblioteca_Digital\\tests\\Unit\\OpenLibraryServiceTest.php","line":102,"message":"Trying to access array offset on null"},{"test":"Tests\\Feature\\Auth\\EmailVerificationTest::test_email_can_be_verified","file":"C:\\laragon\\www\\Projeto_Biblioteca_Digital\\tests\\Feature\\Auth\\EmailVerificationTest.php","line":25,"message":"Route [verification.verify] not defined."},{"test":"Tests\\Feature\\Auth\\EmailVerificationTest::test_email_is_not_verified_with_invalid_hash","file":"C:\\laragon\\www\\Projeto_Biblioteca_Digital\\tests\\Feature\\Auth\\EmailVerificationTest.php","line":44,"message":"Route [verification.verify] not defined."}]}
